[2026-05-28T21:43:34.206+0530] {local_task_job_runner.py:120} INFO - ::group::Pre task execution logs
[2026-05-28T21:43:34.213+0530] {taskinstance.py:2076} INFO - Dependencies all met for dep_context=non-requeueable deps ti=<TaskInstance: medallion_etl_pipeline.silver_olist_orders manual__2026-05-28T16:13:19+00:00 [queued]>
[2026-05-28T21:43:34.216+0530] {taskinstance.py:2076} INFO - Dependencies all met for dep_context=requeueable deps ti=<TaskInstance: medallion_etl_pipeline.silver_olist_orders manual__2026-05-28T16:13:19+00:00 [queued]>
[2026-05-28T21:43:34.216+0530] {taskinstance.py:2306} INFO - Starting attempt 1 of 2
[2026-05-28T21:43:34.221+0530] {taskinstance.py:2330} INFO - Executing <Task(PythonOperator): silver_olist_orders> on 2026-05-28 16:13:19+00:00
[2026-05-28T21:43:34.231+0530] {logging_mixin.py:188} WARNING - /Users/kevinshah/Desktop/project/venv/lib/python3.12/site-packages/airflow/task/task_runner/standard_task_runner.py:61 DeprecationWarning: This process (pid=28899) is multi-threaded, use of fork() may lead to deadlocks in the child.
[2026-05-28T21:43:34.232+0530] {standard_task_runner.py:63} INFO - Started process 28907 to run task
[2026-05-28T21:43:34.232+0530] {standard_task_runner.py:90} INFO - Running: ['airflow', 'tasks', 'run', 'medallion_etl_pipeline', 'silver_olist_orders', 'manual__2026-05-28T16:13:19+00:00', '--job-id', '15', '--raw', '--subdir', 'DAGS_FOLDER/medallion_etl.py', '--cfg-path', '/var/folders/43/z8dt8zx17c11s8ktqc1mq2gm0000gp/T/tmpn_9qq0fy']
[2026-05-28T21:43:34.234+0530] {standard_task_runner.py:91} INFO - Job 15: Subtask silver_olist_orders
[2026-05-28T21:43:34.254+0530] {task_command.py:426} INFO - Running <TaskInstance: medallion_etl_pipeline.silver_olist_orders manual__2026-05-28T16:13:19+00:00 [running]> on host macbook-air-77.local
[2026-05-28T21:43:34.280+0530] {taskinstance.py:2648} INFO - Exporting env vars: AIRFLOW_CTX_DAG_OWNER='Kevin Shah' AIRFLOW_CTX_DAG_ID='medallion_etl_pipeline' AIRFLOW_CTX_TASK_ID='silver_olist_orders' AIRFLOW_CTX_EXECUTION_DATE='2026-05-28T16:13:19+00:00' AIRFLOW_CTX_TRY_NUMBER='1' AIRFLOW_CTX_DAG_RUN_ID='manual__2026-05-28T16:13:19+00:00'
[2026-05-28T21:43:34.280+0530] {taskinstance.py:430} INFO - ::endgroup::
[2026-05-28T21:43:34.286+0530] {csv_ingest.py:88} INFO - --- Starting CSV Silver Ingestion/Validation for olist_orders ---
[2026-05-28T21:43:34.848+0530] {csv_ingest.py:112} INFO - Data validation passed for olist_orders
[2026-05-28T21:43:34.915+0530] {parquet_store.py:15} INFO - Data successfully ingested in silver layer at /Users/kevinshah/Desktop/project/data/silver/csv_store/olist_orders_dataset.parquet
[2026-05-28T21:43:34.915+0530] {python.py:237} INFO - Done. Returned value was: True
[2026-05-28T21:43:34.915+0530] {taskinstance.py:441} INFO - ::group::Post task execution logs
[2026-05-28T21:43:34.921+0530] {taskinstance.py:1206} INFO - Marking task as SUCCESS. dag_id=medallion_etl_pipeline, task_id=silver_olist_orders, run_id=manual__2026-05-28T16:13:19+00:00, execution_date=20260528T161319, start_date=20260528T161334, end_date=20260528T161334
[2026-05-28T21:43:34.944+0530] {local_task_job_runner.py:240} INFO - Task exited with return code 0
[2026-05-28T21:43:34.954+0530] {taskinstance.py:3498} INFO - 1 downstream tasks scheduled from follow-on schedule check
[2026-05-28T21:43:34.954+0530] {local_task_job_runner.py:222} INFO - ::endgroup::
