[2026-05-28T21:43:28.917+0530] {local_task_job_runner.py:120} INFO - ::group::Pre task execution logs
[2026-05-28T21:43:28.924+0530] {taskinstance.py:2076} INFO - Dependencies all met for dep_context=non-requeueable deps ti=<TaskInstance: medallion_etl_pipeline.api_ingestion manual__2026-05-28T16:13:19+00:00 [queued]>
[2026-05-28T21:43:28.928+0530] {taskinstance.py:2076} INFO - Dependencies all met for dep_context=requeueable deps ti=<TaskInstance: medallion_etl_pipeline.api_ingestion manual__2026-05-28T16:13:19+00:00 [queued]>
[2026-05-28T21:43:28.928+0530] {taskinstance.py:2306} INFO - Starting attempt 1 of 4
[2026-05-28T21:43:28.934+0530] {taskinstance.py:2330} INFO - Executing <Task(PythonOperator): api_ingestion> on 2026-05-28 16:13:19+00:00
[2026-05-28T21:43:28.944+0530] {logging_mixin.py:188} WARNING - /Users/kevinshah/Desktop/project/venv/lib/python3.12/site-packages/airflow/task/task_runner/standard_task_runner.py:61 DeprecationWarning: This process (pid=28886) is multi-threaded, use of fork() may lead to deadlocks in the child.
[2026-05-28T21:43:28.947+0530] {standard_task_runner.py:63} INFO - Started process 28891 to run task
[2026-05-28T21:43:28.947+0530] {standard_task_runner.py:90} INFO - Running: ['airflow', 'tasks', 'run', 'medallion_etl_pipeline', 'api_ingestion', 'manual__2026-05-28T16:13:19+00:00', '--job-id', '13', '--raw', '--subdir', 'DAGS_FOLDER/medallion_etl.py', '--cfg-path', '/var/folders/43/z8dt8zx17c11s8ktqc1mq2gm0000gp/T/tmpdnigstax']
[2026-05-28T21:43:28.983+0530] {standard_task_runner.py:91} INFO - Job 13: Subtask api_ingestion
[2026-05-28T21:43:29.083+0530] {task_command.py:426} INFO - Running <TaskInstance: medallion_etl_pipeline.api_ingestion manual__2026-05-28T16:13:19+00:00 [running]> on host macbook-air-77.local
[2026-05-28T21:43:29.127+0530] {taskinstance.py:2648} INFO - Exporting env vars: AIRFLOW_CTX_DAG_OWNER='Kevin Shah' AIRFLOW_CTX_DAG_ID='medallion_etl_pipeline' AIRFLOW_CTX_TASK_ID='api_ingestion' AIRFLOW_CTX_EXECUTION_DATE='2026-05-28T16:13:19+00:00' AIRFLOW_CTX_TRY_NUMBER='1' AIRFLOW_CTX_DAG_RUN_ID='manual__2026-05-28T16:13:19+00:00'
[2026-05-28T21:43:29.128+0530] {taskinstance.py:430} INFO - ::endgroup::
[2026-05-28T21:43:29.134+0530] {api_ingest.py:25} INFO - --- Starting API ingestion for Exchange Rates ---
[2026-05-28T21:43:30.497+0530] {api_ingest.py:37} INFO - Data successfully ingested in bronze layer at /Users/kevinshah/Desktop/project/data/bronze/api_store/inr_rates.json
[2026-05-28T21:43:30.533+0530] {parquet_store.py:29} INFO - Data successfully ingested in silver layer at /Users/kevinshah/Desktop/project/data/silver/api_store/inr_rates.parquet
[2026-05-28T21:43:30.535+0530] {python.py:237} INFO - Done. Returned value was: None
[2026-05-28T21:43:30.535+0530] {taskinstance.py:441} INFO - ::group::Post task execution logs
[2026-05-28T21:43:30.539+0530] {taskinstance.py:1206} INFO - Marking task as SUCCESS. dag_id=medallion_etl_pipeline, task_id=api_ingestion, run_id=manual__2026-05-28T16:13:19+00:00, execution_date=20260528T161319, start_date=20260528T161328, end_date=20260528T161330
[2026-05-28T21:43:30.557+0530] {local_task_job_runner.py:240} INFO - Task exited with return code 0
[2026-05-28T21:43:30.567+0530] {taskinstance.py:3498} INFO - 0 downstream tasks scheduled from follow-on schedule check
[2026-05-28T21:43:30.567+0530] {local_task_job_runner.py:222} INFO - ::endgroup::
