[2026-05-28T21:23:31.776+0530] {local_task_job_runner.py:120} INFO - ::group::Pre task execution logs
[2026-05-28T21:23:31.783+0530] {taskinstance.py:2076} INFO - Dependencies all met for dep_context=non-requeueable deps ti=<TaskInstance: medallion_etl_pipeline.api_ingestion manual__2026-05-28T15:47:31+00:00 [queued]>
[2026-05-28T21:23:31.786+0530] {taskinstance.py:2076} INFO - Dependencies all met for dep_context=requeueable deps ti=<TaskInstance: medallion_etl_pipeline.api_ingestion manual__2026-05-28T15:47:31+00:00 [queued]>
[2026-05-28T21:23:31.786+0530] {taskinstance.py:2306} INFO - Starting attempt 1 of 4
[2026-05-28T21:23:31.791+0530] {taskinstance.py:2330} INFO - Executing <Task(PythonOperator): api_ingestion> on 2026-05-28 15:47:31+00:00
[2026-05-28T21:23:31.798+0530] {logging_mixin.py:188} WARNING - /Users/kevinshah/Desktop/project/venv/lib/python3.12/site-packages/airflow/task/task_runner/standard_task_runner.py:61 DeprecationWarning: This process (pid=26917) is multi-threaded, use of fork() may lead to deadlocks in the child.
[2026-05-28T21:23:31.798+0530] {standard_task_runner.py:63} INFO - Started process 26919 to run task
[2026-05-28T21:23:31.798+0530] {standard_task_runner.py:90} INFO - Running: ['airflow', 'tasks', 'run', 'medallion_etl_pipeline', 'api_ingestion', 'manual__2026-05-28T15:47:31+00:00', '--job-id', '4', '--raw', '--subdir', 'DAGS_FOLDER/medallion_etl.py', '--cfg-path', '/var/folders/43/z8dt8zx17c11s8ktqc1mq2gm0000gp/T/tmppyfuykzh']
[2026-05-28T21:23:31.799+0530] {standard_task_runner.py:91} INFO - Job 4: Subtask api_ingestion
[2026-05-28T21:23:31.830+0530] {task_command.py:426} INFO - Running <TaskInstance: medallion_etl_pipeline.api_ingestion manual__2026-05-28T15:47:31+00:00 [running]> on host macbook-air-77.local
[2026-05-28T21:23:31.852+0530] {taskinstance.py:2648} INFO - Exporting env vars: AIRFLOW_CTX_DAG_OWNER='Kevin Shah' AIRFLOW_CTX_DAG_ID='medallion_etl_pipeline' AIRFLOW_CTX_TASK_ID='api_ingestion' AIRFLOW_CTX_EXECUTION_DATE='2026-05-28T15:47:31+00:00' AIRFLOW_CTX_TRY_NUMBER='1' AIRFLOW_CTX_DAG_RUN_ID='manual__2026-05-28T15:47:31+00:00'
[2026-05-28T21:23:31.853+0530] {taskinstance.py:430} INFO - ::endgroup::
[2026-05-28T21:23:31.859+0530] {api_ingest.py:25} INFO - --- Starting API ingestion for Exchange Rates ---
[2026-05-28T21:23:35.376+0530] {api_ingest.py:37} INFO - Data successfully ingested in bronze layer at /Users/kevinshah/Desktop/project/data/bronze/api_store/inr_rates.json
[2026-05-28T21:23:35.395+0530] {parquet_store.py:29} INFO - Data successfully ingested in silver layer at /Users/kevinshah/Desktop/project/data/silver/api_store/inr_rates.parquet
[2026-05-28T21:23:35.398+0530] {python.py:237} INFO - Done. Returned value was: None
[2026-05-28T21:23:35.398+0530] {taskinstance.py:441} INFO - ::group::Post task execution logs
[2026-05-28T21:23:35.403+0530] {taskinstance.py:1206} INFO - Marking task as SUCCESS. dag_id=medallion_etl_pipeline, task_id=api_ingestion, run_id=manual__2026-05-28T15:47:31+00:00, execution_date=20260528T154731, start_date=20260528T155331, end_date=20260528T155335
[2026-05-28T21:23:35.420+0530] {local_task_job_runner.py:240} INFO - Task exited with return code 0
[2026-05-28T21:23:35.434+0530] {taskinstance.py:3498} INFO - 0 downstream tasks scheduled from follow-on schedule check
[2026-05-28T21:23:35.435+0530] {local_task_job_runner.py:222} INFO - ::endgroup::
