  ____________       _____________
 ____    |__( )_________  __/__  /________      __
____  /| |_  /__  ___/_  /_ __  /_  __ \_ | /| / /
___  ___ |  / _  /   _  __/ _  / / /_/ /_ |/ |/ /
 _/_/  |_/_/  /_/    /_/    /_/  \____/____/|__/
[[34m2026-05-28T21:23:25.997+0530[0m] {[34mtask_context_logger.py:[0m63} INFO[0m - Task context logging is enabled[0m
[[34m2026-05-28T21:23:25.998+0530[0m] {[34mexecutor_loader.py:[0m235} INFO[0m - Loaded executor: SequentialExecutor[0m
[[34m2026-05-28T21:23:26.077+0530[0m] {[34mscheduler_job_runner.py:[0m796} INFO[0m - Starting the scheduler[0m
[[34m2026-05-28T21:23:26.077+0530[0m] {[34mscheduler_job_runner.py:[0m803} INFO[0m - Processing each file at most -1 times[0m
[[34m2026-05-28T21:23:26.081+0530[0m] {[34mmanager.py:[0m170} INFO[0m - Launched DagFileProcessorManager with pid: 26901[0m
[[34m2026-05-28T21:23:26.082+0530[0m] {[34mscheduler_job_runner.py:[0m1595} INFO[0m - Adopting or resetting orphaned tasks for active dag runs[0m
[[34m2026-05-28T21:23:26.098+0530[0m] {[34mscheduler_job_runner.py:[0m1654} INFO[0m - Reset the following 2 orphaned TaskInstances:
	<TaskInstance: medallion_etl_pipeline.csv_ingestion manual__2026-05-28T15:47:31+00:00 [queued]>
	<TaskInstance: medallion_etl_pipeline.api_ingestion manual__2026-05-28T15:47:31+00:00 [queued]>[0m
[2026-05-28 21:23:26 +0530] [26900] [INFO] Starting gunicorn 22.0.0
[2026-05-28 21:23:26 +0530] [26900] [INFO] Listening at: http://[::]:8793 (26900)
[2026-05-28 21:23:26 +0530] [26900] [INFO] Using worker: sync
[2026-05-28 21:23:26 +0530] [26904] [INFO] Booting worker with pid: 26904
[2026-05-28 21:23:26 +0530] [26905] [INFO] Booting worker with pid: 26905
[[34m2026-05-28T21:23:26.902+0530[0m] {[34msettings.py:[0m60} INFO[0m - Configured default timezone UTC[0m
[2026-05-28T21:23:26.910+0530] {manager.py:393} WARNING - Because we cannot use more than 1 thread (parsing_processes = 2) when using sqlite. So we set parallelism to 1.
[[34m2026-05-28T21:23:28.544+0530[0m] {[34mscheduler_job_runner.py:[0m417} INFO[0m - 2 tasks up for execution:
	<TaskInstance: medallion_etl_pipeline.csv_ingestion manual__2026-05-28T15:47:31+00:00 [scheduled]>
	<TaskInstance: medallion_etl_pipeline.api_ingestion manual__2026-05-28T15:47:31+00:00 [scheduled]>[0m
[[34m2026-05-28T21:23:28.544+0530[0m] {[34mscheduler_job_runner.py:[0m480} INFO[0m - DAG medallion_etl_pipeline has 0/16 running and queued tasks[0m
[[34m2026-05-28T21:23:28.544+0530[0m] {[34mscheduler_job_runner.py:[0m480} INFO[0m - DAG medallion_etl_pipeline has 1/16 running and queued tasks[0m
[[34m2026-05-28T21:23:28.544+0530[0m] {[34mscheduler_job_runner.py:[0m596} INFO[0m - Setting the following tasks to queued state:
	<TaskInstance: medallion_etl_pipeline.csv_ingestion manual__2026-05-28T15:47:31+00:00 [scheduled]>
	<TaskInstance: medallion_etl_pipeline.api_ingestion manual__2026-05-28T15:47:31+00:00 [scheduled]>[0m
[[34m2026-05-28T21:23:28.545+0530[0m] {[34mscheduler_job_runner.py:[0m639} INFO[0m - Sending TaskInstanceKey(dag_id='medallion_etl_pipeline', task_id='csv_ingestion', run_id='manual__2026-05-28T15:47:31+00:00', try_number=1, map_index=-1) to executor with priority 2 and queue default[0m
[[34m2026-05-28T21:23:28.545+0530[0m] {[34mbase_executor.py:[0m149} INFO[0m - Adding to queue: ['airflow', 'tasks', 'run', 'medallion_etl_pipeline', 'csv_ingestion', 'manual__2026-05-28T15:47:31+00:00', '--local', '--subdir', 'DAGS_FOLDER/medallion_etl.py'][0m
[[34m2026-05-28T21:23:28.546+0530[0m] {[34mscheduler_job_runner.py:[0m639} INFO[0m - Sending TaskInstanceKey(dag_id='medallion_etl_pipeline', task_id='api_ingestion', run_id='manual__2026-05-28T15:47:31+00:00', try_number=1, map_index=-1) to executor with priority 2 and queue default[0m
[[34m2026-05-28T21:23:28.546+0530[0m] {[34mbase_executor.py:[0m149} INFO[0m - Adding to queue: ['airflow', 'tasks', 'run', 'medallion_etl_pipeline', 'api_ingestion', 'manual__2026-05-28T15:47:31+00:00', '--local', '--subdir', 'DAGS_FOLDER/medallion_etl.py'][0m
[[34m2026-05-28T21:23:28.546+0530[0m] {[34msequential_executor.py:[0m74} INFO[0m - Executing command: ['airflow', 'tasks', 'run', 'medallion_etl_pipeline', 'csv_ingestion', 'manual__2026-05-28T15:47:31+00:00', '--local', '--subdir', 'DAGS_FOLDER/medallion_etl.py'][0m
[[34m2026-05-28T21:23:29.178+0530[0m] {[34mdagbag.py:[0m545} INFO[0m - Filling up the DagBag from /Users/kevinshah/Desktop/project/airflow/dags/medallion_etl.py[0m
/Users/kevinshah/Desktop/project/venv/lib/python3.12/site-packages/pandera/_pandas_deprecated.py:143 FutureWarning: Importing pandas-specific classes and functions from the
top-level pandera module will be **removed in a future version of pandera**.
If you're using pandera to validate pandas objects, we highly recommend updating
your import:

```
# old import
import pandera as pa

# new import
import pandera.pandas as pa
```

If you're using pandera to validate objects from other compatible libraries
like pyspark or polars, see the supported libraries section of the documentation
for more information on how to import pandera:

https://pandera.readthedocs.io/en/stable/supported_libraries.html

To disable this warning, set the environment variable:

```
export DISABLE_PANDERA_IMPORT_WARNING=True
```

[[34m2026-05-28T21:23:29.666+0530[0m] {[34mtask_command.py:[0m426} INFO[0m - Running <TaskInstance: medallion_etl_pipeline.csv_ingestion manual__2026-05-28T15:47:31+00:00 [queued]> on host macbook-air-77.local[0m
[[34m2026-05-28T21:23:30.633+0530[0m] {[34msequential_executor.py:[0m74} INFO[0m - Executing command: ['airflow', 'tasks', 'run', 'medallion_etl_pipeline', 'api_ingestion', 'manual__2026-05-28T15:47:31+00:00', '--local', '--subdir', 'DAGS_FOLDER/medallion_etl.py'][0m
[[34m2026-05-28T21:23:31.250+0530[0m] {[34mdagbag.py:[0m545} INFO[0m - Filling up the DagBag from /Users/kevinshah/Desktop/project/airflow/dags/medallion_etl.py[0m
/Users/kevinshah/Desktop/project/venv/lib/python3.12/site-packages/pandera/_pandas_deprecated.py:143 FutureWarning: Importing pandas-specific classes and functions from the
top-level pandera module will be **removed in a future version of pandera**.
If you're using pandera to validate pandas objects, we highly recommend updating
your import:

```
# old import
import pandera as pa

# new import
import pandera.pandas as pa
```

If you're using pandera to validate objects from other compatible libraries
like pyspark or polars, see the supported libraries section of the documentation
for more information on how to import pandera:

https://pandera.readthedocs.io/en/stable/supported_libraries.html

To disable this warning, set the environment variable:

```
export DISABLE_PANDERA_IMPORT_WARNING=True
```

[[34m2026-05-28T21:23:31.728+0530[0m] {[34mtask_command.py:[0m426} INFO[0m - Running <TaskInstance: medallion_etl_pipeline.api_ingestion manual__2026-05-28T15:47:31+00:00 [queued]> on host macbook-air-77.local[0m
[[34m2026-05-28T21:23:35.668+0530[0m] {[34mscheduler_job_runner.py:[0m689} INFO[0m - Received executor event with state success for task instance TaskInstanceKey(dag_id='medallion_etl_pipeline', task_id='csv_ingestion', run_id='manual__2026-05-28T15:47:31+00:00', try_number=1, map_index=-1)[0m
[[34m2026-05-28T21:23:35.669+0530[0m] {[34mscheduler_job_runner.py:[0m689} INFO[0m - Received executor event with state success for task instance TaskInstanceKey(dag_id='medallion_etl_pipeline', task_id='api_ingestion', run_id='manual__2026-05-28T15:47:31+00:00', try_number=1, map_index=-1)[0m
[[34m2026-05-28T21:23:35.678+0530[0m] {[34mscheduler_job_runner.py:[0m721} INFO[0m - TaskInstance Finished: dag_id=medallion_etl_pipeline, task_id=api_ingestion, run_id=manual__2026-05-28T15:47:31+00:00, map_index=-1, run_start_date=2026-05-28 15:53:31.783726+00:00, run_end_date=2026-05-28 15:53:35.403390+00:00, run_duration=3.619664, state=success, executor_state=success, try_number=1, max_tries=3, job_id=4, pool=default_pool, queue=default, priority_weight=2, operator=PythonOperator, queued_dttm=2026-05-28 15:53:28.544535+00:00, queued_by_job_id=2, pid=26919[0m
[[34m2026-05-28T21:23:35.678+0530[0m] {[34mscheduler_job_runner.py:[0m721} INFO[0m - TaskInstance Finished: dag_id=medallion_etl_pipeline, task_id=csv_ingestion, run_id=manual__2026-05-28T15:47:31+00:00, map_index=-1, run_start_date=2026-05-28 15:53:29.720662+00:00, run_end_date=2026-05-28 15:53:30.371203+00:00, run_duration=0.650541, state=up_for_retry, executor_state=success, try_number=1, max_tries=1, job_id=3, pool=default_pool, queue=default, priority_weight=2, operator=PythonOperator, queued_dttm=2026-05-28 15:53:28.544535+00:00, queued_by_job_id=2, pid=26916[0m
[[34m2026-05-28T21:24:01.054+0530[0m] {[34mscheduler_job_runner.py:[0m417} INFO[0m - 1 tasks up for execution:
	<TaskInstance: medallion_etl_pipeline.csv_ingestion manual__2026-05-28T15:47:31+00:00 [scheduled]>[0m
[[34m2026-05-28T21:24:01.055+0530[0m] {[34mscheduler_job_runner.py:[0m480} INFO[0m - DAG medallion_etl_pipeline has 0/16 running and queued tasks[0m
[[34m2026-05-28T21:24:01.055+0530[0m] {[34mscheduler_job_runner.py:[0m596} INFO[0m - Setting the following tasks to queued state:
	<TaskInstance: medallion_etl_pipeline.csv_ingestion manual__2026-05-28T15:47:31+00:00 [scheduled]>[0m
[[34m2026-05-28T21:24:01.055+0530[0m] {[34mscheduler_job_runner.py:[0m639} INFO[0m - Sending TaskInstanceKey(dag_id='medallion_etl_pipeline', task_id='csv_ingestion', run_id='manual__2026-05-28T15:47:31+00:00', try_number=2, map_index=-1) to executor with priority 2 and queue default[0m
[[34m2026-05-28T21:24:01.055+0530[0m] {[34mbase_executor.py:[0m149} INFO[0m - Adding to queue: ['airflow', 'tasks', 'run', 'medallion_etl_pipeline', 'csv_ingestion', 'manual__2026-05-28T15:47:31+00:00', '--local', '--subdir', 'DAGS_FOLDER/medallion_etl.py'][0m
[[34m2026-05-28T21:24:01.056+0530[0m] {[34msequential_executor.py:[0m74} INFO[0m - Executing command: ['airflow', 'tasks', 'run', 'medallion_etl_pipeline', 'csv_ingestion', 'manual__2026-05-28T15:47:31+00:00', '--local', '--subdir', 'DAGS_FOLDER/medallion_etl.py'][0m
[[34m2026-05-28T21:24:01.713+0530[0m] {[34mdagbag.py:[0m545} INFO[0m - Filling up the DagBag from /Users/kevinshah/Desktop/project/airflow/dags/medallion_etl.py[0m
/Users/kevinshah/Desktop/project/venv/lib/python3.12/site-packages/pandera/_pandas_deprecated.py:143 FutureWarning: Importing pandas-specific classes and functions from the
top-level pandera module will be **removed in a future version of pandera**.
If you're using pandera to validate pandas objects, we highly recommend updating
your import:

```
# old import
import pandera as pa

# new import
import pandera.pandas as pa
```

If you're using pandera to validate objects from other compatible libraries
like pyspark or polars, see the supported libraries section of the documentation
for more information on how to import pandera:

https://pandera.readthedocs.io/en/stable/supported_libraries.html

To disable this warning, set the environment variable:

```
export DISABLE_PANDERA_IMPORT_WARNING=True
```

[[34m2026-05-28T21:24:02.205+0530[0m] {[34mtask_command.py:[0m426} INFO[0m - Running <TaskInstance: medallion_etl_pipeline.csv_ingestion manual__2026-05-28T15:47:31+00:00 [queued]> on host macbook-air-77.local[0m
[[34m2026-05-28T21:24:03.314+0530[0m] {[34mscheduler_job_runner.py:[0m689} INFO[0m - Received executor event with state success for task instance TaskInstanceKey(dag_id='medallion_etl_pipeline', task_id='csv_ingestion', run_id='manual__2026-05-28T15:47:31+00:00', try_number=2, map_index=-1)[0m
[[34m2026-05-28T21:24:03.321+0530[0m] {[34mscheduler_job_runner.py:[0m721} INFO[0m - TaskInstance Finished: dag_id=medallion_etl_pipeline, task_id=csv_ingestion, run_id=manual__2026-05-28T15:47:31+00:00, map_index=-1, run_start_date=2026-05-28 15:54:02.255890+00:00, run_end_date=2026-05-28 15:54:03.006068+00:00, run_duration=0.750178, state=failed, executor_state=success, try_number=2, max_tries=1, job_id=5, pool=default_pool, queue=default, priority_weight=2, operator=PythonOperator, queued_dttm=2026-05-28 15:54:01.055256+00:00, queued_by_job_id=2, pid=26957[0m
[[34m2026-05-28T21:24:03.350+0530[0m] {[34mdagrun.py:[0m820} ERROR[0m - Marking run <DagRun medallion_etl_pipeline @ 2026-05-28 15:47:31+00:00: manual__2026-05-28T15:47:31+00:00, state:running, queued_at: 2026-05-28 15:47:31.897253+00:00. externally triggered: True> failed[0m
[[34m2026-05-28T21:24:03.351+0530[0m] {[34mdagrun.py:[0m902} INFO[0m - DagRun Finished: dag_id=medallion_etl_pipeline, execution_date=2026-05-28 15:47:31+00:00, run_id=manual__2026-05-28T15:47:31+00:00, run_start_date=2026-05-28 15:52:17.036322+00:00, run_end_date=2026-05-28 15:54:03.351126+00:00, run_duration=106.314804, state=failed, external_trigger=True, run_type=manual, data_interval_start=2026-05-28 15:47:31+00:00, data_interval_end=2026-05-28 15:47:31+00:00, dag_hash=f0c5aa8064b7d6c2e80cec9b68893b1e[0m
[[34m2026-05-28T21:27:57.415+0530[0m] {[34mscheduler_job_runner.py:[0m417} INFO[0m - 2 tasks up for execution:
	<TaskInstance: medallion_etl_pipeline.csv_ingestion manual__2026-05-28T15:57:55+00:00 [scheduled]>
	<TaskInstance: medallion_etl_pipeline.api_ingestion manual__2026-05-28T15:57:55+00:00 [scheduled]>[0m
[[34m2026-05-28T21:27:57.417+0530[0m] {[34mscheduler_job_runner.py:[0m480} INFO[0m - DAG medallion_etl_pipeline has 0/16 running and queued tasks[0m
[[34m2026-05-28T21:27:57.417+0530[0m] {[34mscheduler_job_runner.py:[0m480} INFO[0m - DAG medallion_etl_pipeline has 1/16 running and queued tasks[0m
[[34m2026-05-28T21:27:57.417+0530[0m] {[34mscheduler_job_runner.py:[0m596} INFO[0m - Setting the following tasks to queued state:
	<TaskInstance: medallion_etl_pipeline.csv_ingestion manual__2026-05-28T15:57:55+00:00 [scheduled]>
	<TaskInstance: medallion_etl_pipeline.api_ingestion manual__2026-05-28T15:57:55+00:00 [scheduled]>[0m
[[34m2026-05-28T21:27:57.419+0530[0m] {[34mscheduler_job_runner.py:[0m639} INFO[0m - Sending TaskInstanceKey(dag_id='medallion_etl_pipeline', task_id='csv_ingestion', run_id='manual__2026-05-28T15:57:55+00:00', try_number=1, map_index=-1) to executor with priority 2 and queue default[0m
[[34m2026-05-28T21:27:57.419+0530[0m] {[34mbase_executor.py:[0m149} INFO[0m - Adding to queue: ['airflow', 'tasks', 'run', 'medallion_etl_pipeline', 'csv_ingestion', 'manual__2026-05-28T15:57:55+00:00', '--local', '--subdir', 'DAGS_FOLDER/medallion_etl.py'][0m
[[34m2026-05-28T21:27:57.419+0530[0m] {[34mscheduler_job_runner.py:[0m639} INFO[0m - Sending TaskInstanceKey(dag_id='medallion_etl_pipeline', task_id='api_ingestion', run_id='manual__2026-05-28T15:57:55+00:00', try_number=1, map_index=-1) to executor with priority 2 and queue default[0m
[[34m2026-05-28T21:27:57.419+0530[0m] {[34mbase_executor.py:[0m149} INFO[0m - Adding to queue: ['airflow', 'tasks', 'run', 'medallion_etl_pipeline', 'api_ingestion', 'manual__2026-05-28T15:57:55+00:00', '--local', '--subdir', 'DAGS_FOLDER/medallion_etl.py'][0m
[[34m2026-05-28T21:27:57.420+0530[0m] {[34msequential_executor.py:[0m74} INFO[0m - Executing command: ['airflow', 'tasks', 'run', 'medallion_etl_pipeline', 'csv_ingestion', 'manual__2026-05-28T15:57:55+00:00', '--local', '--subdir', 'DAGS_FOLDER/medallion_etl.py'][0m
[[34m2026-05-28T21:27:58.063+0530[0m] {[34mdagbag.py:[0m545} INFO[0m - Filling up the DagBag from /Users/kevinshah/Desktop/project/airflow/dags/medallion_etl.py[0m
/Users/kevinshah/Desktop/project/venv/lib/python3.12/site-packages/pandera/_pandas_deprecated.py:143 FutureWarning: Importing pandas-specific classes and functions from the
top-level pandera module will be **removed in a future version of pandera**.
If you're using pandera to validate pandas objects, we highly recommend updating
your import:

```
# old import
import pandera as pa

# new import
import pandera.pandas as pa
```

If you're using pandera to validate objects from other compatible libraries
like pyspark or polars, see the supported libraries section of the documentation
for more information on how to import pandera:

https://pandera.readthedocs.io/en/stable/supported_libraries.html

To disable this warning, set the environment variable:

```
export DISABLE_PANDERA_IMPORT_WARNING=True
```

[[34m2026-05-28T21:27:58.744+0530[0m] {[34mtask_command.py:[0m426} INFO[0m - Running <TaskInstance: medallion_etl_pipeline.csv_ingestion manual__2026-05-28T15:57:55+00:00 [queued]> on host macbook-air-77.local[0m
[[34m2026-05-28T21:28:12.013+0530[0m] {[34msequential_executor.py:[0m74} INFO[0m - Executing command: ['airflow', 'tasks', 'run', 'medallion_etl_pipeline', 'api_ingestion', 'manual__2026-05-28T15:57:55+00:00', '--local', '--subdir', 'DAGS_FOLDER/medallion_etl.py'][0m
[[34m2026-05-28T21:28:12.893+0530[0m] {[34mdagbag.py:[0m545} INFO[0m - Filling up the DagBag from /Users/kevinshah/Desktop/project/airflow/dags/medallion_etl.py[0m
/Users/kevinshah/Desktop/project/venv/lib/python3.12/site-packages/pandera/_pandas_deprecated.py:143 FutureWarning: Importing pandas-specific classes and functions from the
top-level pandera module will be **removed in a future version of pandera**.
If you're using pandera to validate pandas objects, we highly recommend updating
your import:

```
# old import
import pandera as pa

# new import
import pandera.pandas as pa
```

If you're using pandera to validate objects from other compatible libraries
like pyspark or polars, see the supported libraries section of the documentation
for more information on how to import pandera:

https://pandera.readthedocs.io/en/stable/supported_libraries.html

To disable this warning, set the environment variable:

```
export DISABLE_PANDERA_IMPORT_WARNING=True
```

[[34m2026-05-28T21:28:13.502+0530[0m] {[34mtask_command.py:[0m426} INFO[0m - Running <TaskInstance: medallion_etl_pipeline.api_ingestion manual__2026-05-28T15:57:55+00:00 [queued]> on host macbook-air-77.local[0m
[[34m2026-05-28T21:28:14.566+0530[0m] {[34mscheduler_job_runner.py:[0m689} INFO[0m - Received executor event with state success for task instance TaskInstanceKey(dag_id='medallion_etl_pipeline', task_id='csv_ingestion', run_id='manual__2026-05-28T15:57:55+00:00', try_number=1, map_index=-1)[0m
[[34m2026-05-28T21:28:14.567+0530[0m] {[34mscheduler_job_runner.py:[0m689} INFO[0m - Received executor event with state success for task instance TaskInstanceKey(dag_id='medallion_etl_pipeline', task_id='api_ingestion', run_id='manual__2026-05-28T15:57:55+00:00', try_number=1, map_index=-1)[0m
[[34m2026-05-28T21:28:14.573+0530[0m] {[34mscheduler_job_runner.py:[0m721} INFO[0m - TaskInstance Finished: dag_id=medallion_etl_pipeline, task_id=api_ingestion, run_id=manual__2026-05-28T15:57:55+00:00, map_index=-1, run_start_date=2026-05-28 15:58:13.553758+00:00, run_end_date=2026-05-28 15:58:14.291365+00:00, run_duration=0.737607, state=success, executor_state=success, try_number=1, max_tries=3, job_id=7, pool=default_pool, queue=default, priority_weight=2, operator=PythonOperator, queued_dttm=2026-05-28 15:57:57.417800+00:00, queued_by_job_id=2, pid=27392[0m
[[34m2026-05-28T21:28:14.573+0530[0m] {[34mscheduler_job_runner.py:[0m721} INFO[0m - TaskInstance Finished: dag_id=medallion_etl_pipeline, task_id=csv_ingestion, run_id=manual__2026-05-28T15:57:55+00:00, map_index=-1, run_start_date=2026-05-28 15:57:58.802697+00:00, run_end_date=2026-05-28 15:58:11.710026+00:00, run_duration=12.907329, state=success, executor_state=success, try_number=1, max_tries=1, job_id=6, pool=default_pool, queue=default, priority_weight=2, operator=PythonOperator, queued_dttm=2026-05-28 15:57:57.417800+00:00, queued_by_job_id=2, pid=27373[0m
[[34m2026-05-28T21:28:17.051+0530[0m] {[34mdagrun.py:[0m851} INFO[0m - Marking run <DagRun medallion_etl_pipeline @ 2026-05-28 15:57:55+00:00: manual__2026-05-28T15:57:55+00:00, state:running, queued_at: 2026-05-28 15:57:55.626749+00:00. externally triggered: True> successful[0m
[[34m2026-05-28T21:28:17.052+0530[0m] {[34mdagrun.py:[0m902} INFO[0m - DagRun Finished: dag_id=medallion_etl_pipeline, execution_date=2026-05-28 15:57:55+00:00, run_id=manual__2026-05-28T15:57:55+00:00, run_start_date=2026-05-28 15:57:56.349677+00:00, run_end_date=2026-05-28 15:58:17.051949+00:00, run_duration=20.702272, state=success, external_trigger=True, run_type=manual, data_interval_start=2026-05-28 15:57:55+00:00, data_interval_end=2026-05-28 15:57:55+00:00, dag_hash=f0c5aa8064b7d6c2e80cec9b68893b1e[0m
[[34m2026-05-28T21:28:26.163+0530[0m] {[34mscheduler_job_runner.py:[0m1595} INFO[0m - Adopting or resetting orphaned tasks for active dag runs[0m
[[34m2026-05-28T21:33:26.190+0530[0m] {[34mscheduler_job_runner.py:[0m1595} INFO[0m - Adopting or resetting orphaned tasks for active dag runs[0m
[[34m2026-05-28T21:38:27.835+0530[0m] {[34mscheduler_job_runner.py:[0m1595} INFO[0m - Adopting or resetting orphaned tasks for active dag runs[0m
[[34m2026-05-28T21:39:11.835+0530[0m] {[34mscheduler_job_runner.py:[0m417} INFO[0m - 2 tasks up for execution:
	<TaskInstance: medallion_etl_pipeline.csv_ingestion manual__2026-05-28T16:09:09+00:00 [scheduled]>
	<TaskInstance: medallion_etl_pipeline.api_ingestion manual__2026-05-28T16:09:09+00:00 [scheduled]>[0m
[[34m2026-05-28T21:39:11.836+0530[0m] {[34mscheduler_job_runner.py:[0m480} INFO[0m - DAG medallion_etl_pipeline has 0/16 running and queued tasks[0m
[[34m2026-05-28T21:39:11.836+0530[0m] {[34mscheduler_job_runner.py:[0m480} INFO[0m - DAG medallion_etl_pipeline has 1/16 running and queued tasks[0m
[[34m2026-05-28T21:39:11.837+0530[0m] {[34mscheduler_job_runner.py:[0m596} INFO[0m - Setting the following tasks to queued state:
	<TaskInstance: medallion_etl_pipeline.csv_ingestion manual__2026-05-28T16:09:09+00:00 [scheduled]>
	<TaskInstance: medallion_etl_pipeline.api_ingestion manual__2026-05-28T16:09:09+00:00 [scheduled]>[0m
[[34m2026-05-28T21:39:11.838+0530[0m] {[34mscheduler_job_runner.py:[0m639} INFO[0m - Sending TaskInstanceKey(dag_id='medallion_etl_pipeline', task_id='csv_ingestion', run_id='manual__2026-05-28T16:09:09+00:00', try_number=1, map_index=-1) to executor with priority 2 and queue default[0m
[[34m2026-05-28T21:39:11.838+0530[0m] {[34mbase_executor.py:[0m149} INFO[0m - Adding to queue: ['airflow', 'tasks', 'run', 'medallion_etl_pipeline', 'csv_ingestion', 'manual__2026-05-28T16:09:09+00:00', '--local', '--subdir', 'DAGS_FOLDER/medallion_etl.py'][0m
[[34m2026-05-28T21:39:11.839+0530[0m] {[34mscheduler_job_runner.py:[0m639} INFO[0m - Sending TaskInstanceKey(dag_id='medallion_etl_pipeline', task_id='api_ingestion', run_id='manual__2026-05-28T16:09:09+00:00', try_number=1, map_index=-1) to executor with priority 2 and queue default[0m
[[34m2026-05-28T21:39:11.839+0530[0m] {[34mbase_executor.py:[0m149} INFO[0m - Adding to queue: ['airflow', 'tasks', 'run', 'medallion_etl_pipeline', 'api_ingestion', 'manual__2026-05-28T16:09:09+00:00', '--local', '--subdir', 'DAGS_FOLDER/medallion_etl.py'][0m
[[34m2026-05-28T21:39:11.840+0530[0m] {[34msequential_executor.py:[0m74} INFO[0m - Executing command: ['airflow', 'tasks', 'run', 'medallion_etl_pipeline', 'csv_ingestion', 'manual__2026-05-28T16:09:09+00:00', '--local', '--subdir', 'DAGS_FOLDER/medallion_etl.py'][0m
[[34m2026-05-28T21:39:12.490+0530[0m] {[34mdagbag.py:[0m545} INFO[0m - Filling up the DagBag from /Users/kevinshah/Desktop/project/airflow/dags/medallion_etl.py[0m
/Users/kevinshah/Desktop/project/venv/lib/python3.12/site-packages/pandera/_pandas_deprecated.py:143 FutureWarning: Importing pandas-specific classes and functions from the
top-level pandera module will be **removed in a future version of pandera**.
If you're using pandera to validate pandas objects, we highly recommend updating
your import:

```
# old import
import pandera as pa

# new import
import pandera.pandas as pa
```

If you're using pandera to validate objects from other compatible libraries
like pyspark or polars, see the supported libraries section of the documentation
for more information on how to import pandera:

https://pandera.readthedocs.io/en/stable/supported_libraries.html

To disable this warning, set the environment variable:

```
export DISABLE_PANDERA_IMPORT_WARNING=True
```

[[34m2026-05-28T21:39:13.197+0530[0m] {[34mtask_command.py:[0m426} INFO[0m - Running <TaskInstance: medallion_etl_pipeline.csv_ingestion manual__2026-05-28T16:09:09+00:00 [queued]> on host macbook-air-77.local[0m
[[34m2026-05-28T21:39:26.251+0530[0m] {[34msequential_executor.py:[0m74} INFO[0m - Executing command: ['airflow', 'tasks', 'run', 'medallion_etl_pipeline', 'api_ingestion', 'manual__2026-05-28T16:09:09+00:00', '--local', '--subdir', 'DAGS_FOLDER/medallion_etl.py'][0m
[[34m2026-05-28T21:39:27.167+0530[0m] {[34mdagbag.py:[0m545} INFO[0m - Filling up the DagBag from /Users/kevinshah/Desktop/project/airflow/dags/medallion_etl.py[0m
/Users/kevinshah/Desktop/project/venv/lib/python3.12/site-packages/pandera/_pandas_deprecated.py:143 FutureWarning: Importing pandas-specific classes and functions from the
top-level pandera module will be **removed in a future version of pandera**.
If you're using pandera to validate pandas objects, we highly recommend updating
your import:

```
# old import
import pandera as pa

# new import
import pandera.pandas as pa
```

If you're using pandera to validate objects from other compatible libraries
like pyspark or polars, see the supported libraries section of the documentation
for more information on how to import pandera:

https://pandera.readthedocs.io/en/stable/supported_libraries.html

To disable this warning, set the environment variable:

```
export DISABLE_PANDERA_IMPORT_WARNING=True
```

[[34m2026-05-28T21:39:27.873+0530[0m] {[34mtask_command.py:[0m426} INFO[0m - Running <TaskInstance: medallion_etl_pipeline.api_ingestion manual__2026-05-28T16:09:09+00:00 [queued]> on host macbook-air-77.local[0m
[[34m2026-05-28T21:39:31.165+0530[0m] {[34mscheduler_job_runner.py:[0m689} INFO[0m - Received executor event with state success for task instance TaskInstanceKey(dag_id='medallion_etl_pipeline', task_id='csv_ingestion', run_id='manual__2026-05-28T16:09:09+00:00', try_number=1, map_index=-1)[0m
[[34m2026-05-28T21:39:31.165+0530[0m] {[34mscheduler_job_runner.py:[0m689} INFO[0m - Received executor event with state success for task instance TaskInstanceKey(dag_id='medallion_etl_pipeline', task_id='api_ingestion', run_id='manual__2026-05-28T16:09:09+00:00', try_number=1, map_index=-1)[0m
[[34m2026-05-28T21:39:31.170+0530[0m] {[34mscheduler_job_runner.py:[0m721} INFO[0m - TaskInstance Finished: dag_id=medallion_etl_pipeline, task_id=api_ingestion, run_id=manual__2026-05-28T16:09:09+00:00, map_index=-1, run_start_date=2026-05-28 16:09:27.934872+00:00, run_end_date=2026-05-28 16:09:30.896940+00:00, run_duration=2.962068, state=success, executor_state=success, try_number=1, max_tries=3, job_id=9, pool=default_pool, queue=default, priority_weight=2, operator=PythonOperator, queued_dttm=2026-05-28 16:09:11.837413+00:00, queued_by_job_id=2, pid=28539[0m
[[34m2026-05-28T21:39:31.170+0530[0m] {[34mscheduler_job_runner.py:[0m721} INFO[0m - TaskInstance Finished: dag_id=medallion_etl_pipeline, task_id=csv_ingestion, run_id=manual__2026-05-28T16:09:09+00:00, map_index=-1, run_start_date=2026-05-28 16:09:13.270634+00:00, run_end_date=2026-05-28 16:09:25.945487+00:00, run_duration=12.674853, state=success, executor_state=success, try_number=1, max_tries=1, job_id=8, pool=default_pool, queue=default, priority_weight=2, operator=PythonOperator, queued_dttm=2026-05-28 16:09:11.837413+00:00, queued_by_job_id=2, pid=28517[0m
[[34m2026-05-28T21:39:33.593+0530[0m] {[34mdagrun.py:[0m851} INFO[0m - Marking run <DagRun medallion_etl_pipeline @ 2026-05-28 16:09:09+00:00: manual__2026-05-28T16:09:09+00:00, state:running, queued_at: 2026-05-28 16:09:09.157852+00:00. externally triggered: True> successful[0m
[[34m2026-05-28T21:39:33.595+0530[0m] {[34mdagrun.py:[0m902} INFO[0m - DagRun Finished: dag_id=medallion_etl_pipeline, execution_date=2026-05-28 16:09:09+00:00, run_id=manual__2026-05-28T16:09:09+00:00, run_start_date=2026-05-28 16:09:10.769946+00:00, run_end_date=2026-05-28 16:09:33.595047+00:00, run_duration=22.825101, state=success, external_trigger=True, run_type=manual, data_interval_start=2026-05-28 16:09:09+00:00, data_interval_end=2026-05-28 16:09:09+00:00, dag_hash=f0c5aa8064b7d6c2e80cec9b68893b1e[0m
[[34m2026-05-28T21:43:21.676+0530[0m] {[34mscheduler_job_runner.py:[0m417} INFO[0m - 4 tasks up for execution:
	<TaskInstance: medallion_etl_pipeline.bronze_olist_customers manual__2026-05-28T16:13:19+00:00 [scheduled]>
	<TaskInstance: medallion_etl_pipeline.bronze_olist_orders manual__2026-05-28T16:13:19+00:00 [scheduled]>
	<TaskInstance: medallion_etl_pipeline.bronze_olist_order_payments manual__2026-05-28T16:13:19+00:00 [scheduled]>
	<TaskInstance: medallion_etl_pipeline.api_ingestion manual__2026-05-28T16:13:19+00:00 [scheduled]>[0m
[[34m2026-05-28T21:43:21.677+0530[0m] {[34mscheduler_job_runner.py:[0m480} INFO[0m - DAG medallion_etl_pipeline has 0/16 running and queued tasks[0m
[[34m2026-05-28T21:43:21.677+0530[0m] {[34mscheduler_job_runner.py:[0m480} INFO[0m - DAG medallion_etl_pipeline has 1/16 running and queued tasks[0m
[[34m2026-05-28T21:43:21.677+0530[0m] {[34mscheduler_job_runner.py:[0m480} INFO[0m - DAG medallion_etl_pipeline has 2/16 running and queued tasks[0m
[[34m2026-05-28T21:43:21.677+0530[0m] {[34mscheduler_job_runner.py:[0m480} INFO[0m - DAG medallion_etl_pipeline has 3/16 running and queued tasks[0m
[[34m2026-05-28T21:43:21.677+0530[0m] {[34mscheduler_job_runner.py:[0m596} INFO[0m - Setting the following tasks to queued state:
	<TaskInstance: medallion_etl_pipeline.bronze_olist_customers manual__2026-05-28T16:13:19+00:00 [scheduled]>
	<TaskInstance: medallion_etl_pipeline.bronze_olist_orders manual__2026-05-28T16:13:19+00:00 [scheduled]>
	<TaskInstance: medallion_etl_pipeline.bronze_olist_order_payments manual__2026-05-28T16:13:19+00:00 [scheduled]>
	<TaskInstance: medallion_etl_pipeline.api_ingestion manual__2026-05-28T16:13:19+00:00 [scheduled]>[0m
[[34m2026-05-28T21:43:21.679+0530[0m] {[34mscheduler_job_runner.py:[0m639} INFO[0m - Sending TaskInstanceKey(dag_id='medallion_etl_pipeline', task_id='bronze_olist_customers', run_id='manual__2026-05-28T16:13:19+00:00', try_number=1, map_index=-1) to executor with priority 4 and queue default[0m
[[34m2026-05-28T21:43:21.679+0530[0m] {[34mbase_executor.py:[0m149} INFO[0m - Adding to queue: ['airflow', 'tasks', 'run', 'medallion_etl_pipeline', 'bronze_olist_customers', 'manual__2026-05-28T16:13:19+00:00', '--local', '--subdir', 'DAGS_FOLDER/medallion_etl.py'][0m
[[34m2026-05-28T21:43:21.679+0530[0m] {[34mscheduler_job_runner.py:[0m639} INFO[0m - Sending TaskInstanceKey(dag_id='medallion_etl_pipeline', task_id='bronze_olist_orders', run_id='manual__2026-05-28T16:13:19+00:00', try_number=1, map_index=-1) to executor with priority 4 and queue default[0m
[[34m2026-05-28T21:43:21.679+0530[0m] {[34mbase_executor.py:[0m149} INFO[0m - Adding to queue: ['airflow', 'tasks', 'run', 'medallion_etl_pipeline', 'bronze_olist_orders', 'manual__2026-05-28T16:13:19+00:00', '--local', '--subdir', 'DAGS_FOLDER/medallion_etl.py'][0m
[[34m2026-05-28T21:43:21.680+0530[0m] {[34mscheduler_job_runner.py:[0m639} INFO[0m - Sending TaskInstanceKey(dag_id='medallion_etl_pipeline', task_id='bronze_olist_order_payments', run_id='manual__2026-05-28T16:13:19+00:00', try_number=1, map_index=-1) to executor with priority 4 and queue default[0m
[[34m2026-05-28T21:43:21.680+0530[0m] {[34mbase_executor.py:[0m149} INFO[0m - Adding to queue: ['airflow', 'tasks', 'run', 'medallion_etl_pipeline', 'bronze_olist_order_payments', 'manual__2026-05-28T16:13:19+00:00', '--local', '--subdir', 'DAGS_FOLDER/medallion_etl.py'][0m
[[34m2026-05-28T21:43:21.680+0530[0m] {[34mscheduler_job_runner.py:[0m639} INFO[0m - Sending TaskInstanceKey(dag_id='medallion_etl_pipeline', task_id='api_ingestion', run_id='manual__2026-05-28T16:13:19+00:00', try_number=1, map_index=-1) to executor with priority 2 and queue default[0m
[[34m2026-05-28T21:43:21.680+0530[0m] {[34mbase_executor.py:[0m149} INFO[0m - Adding to queue: ['airflow', 'tasks', 'run', 'medallion_etl_pipeline', 'api_ingestion', 'manual__2026-05-28T16:13:19+00:00', '--local', '--subdir', 'DAGS_FOLDER/medallion_etl.py'][0m
[[34m2026-05-28T21:43:21.681+0530[0m] {[34msequential_executor.py:[0m74} INFO[0m - Executing command: ['airflow', 'tasks', 'run', 'medallion_etl_pipeline', 'bronze_olist_customers', 'manual__2026-05-28T16:13:19+00:00', '--local', '--subdir', 'DAGS_FOLDER/medallion_etl.py'][0m
[[34m2026-05-28T21:43:22.343+0530[0m] {[34mdagbag.py:[0m545} INFO[0m - Filling up the DagBag from /Users/kevinshah/Desktop/project/airflow/dags/medallion_etl.py[0m
/Users/kevinshah/Desktop/project/venv/lib/python3.12/site-packages/pandera/_pandas_deprecated.py:143 FutureWarning: Importing pandas-specific classes and functions from the
top-level pandera module will be **removed in a future version of pandera**.
If you're using pandera to validate pandas objects, we highly recommend updating
your import:

```
# old import
import pandera as pa

# new import
import pandera.pandas as pa
```

If you're using pandera to validate objects from other compatible libraries
like pyspark or polars, see the supported libraries section of the documentation
for more information on how to import pandera:

https://pandera.readthedocs.io/en/stable/supported_libraries.html

To disable this warning, set the environment variable:

```
export DISABLE_PANDERA_IMPORT_WARNING=True
```

[[34m2026-05-28T21:43:23.085+0530[0m] {[34mtask_command.py:[0m426} INFO[0m - Running <TaskInstance: medallion_etl_pipeline.bronze_olist_customers manual__2026-05-28T16:13:19+00:00 [queued]> on host macbook-air-77.local[0m
[[34m2026-05-28T21:43:23.864+0530[0m] {[34msequential_executor.py:[0m74} INFO[0m - Executing command: ['airflow', 'tasks', 'run', 'medallion_etl_pipeline', 'bronze_olist_orders', 'manual__2026-05-28T16:13:19+00:00', '--local', '--subdir', 'DAGS_FOLDER/medallion_etl.py'][0m
[[34m2026-05-28T21:43:24.520+0530[0m] {[34mdagbag.py:[0m545} INFO[0m - Filling up the DagBag from /Users/kevinshah/Desktop/project/airflow/dags/medallion_etl.py[0m
/Users/kevinshah/Desktop/project/venv/lib/python3.12/site-packages/pandera/_pandas_deprecated.py:143 FutureWarning: Importing pandas-specific classes and functions from the
top-level pandera module will be **removed in a future version of pandera**.
If you're using pandera to validate pandas objects, we highly recommend updating
your import:

```
# old import
import pandera as pa

# new import
import pandera.pandas as pa
```

If you're using pandera to validate objects from other compatible libraries
like pyspark or polars, see the supported libraries section of the documentation
for more information on how to import pandera:

https://pandera.readthedocs.io/en/stable/supported_libraries.html

To disable this warning, set the environment variable:

```
export DISABLE_PANDERA_IMPORT_WARNING=True
```

[[34m2026-05-28T21:43:25.116+0530[0m] {[34mtask_command.py:[0m426} INFO[0m - Running <TaskInstance: medallion_etl_pipeline.bronze_olist_orders manual__2026-05-28T16:13:19+00:00 [queued]> on host macbook-air-77.local[0m
[[34m2026-05-28T21:43:25.946+0530[0m] {[34msequential_executor.py:[0m74} INFO[0m - Executing command: ['airflow', 'tasks', 'run', 'medallion_etl_pipeline', 'bronze_olist_order_payments', 'manual__2026-05-28T16:13:19+00:00', '--local', '--subdir', 'DAGS_FOLDER/medallion_etl.py'][0m
[[34m2026-05-28T21:43:26.544+0530[0m] {[34mdagbag.py:[0m545} INFO[0m - Filling up the DagBag from /Users/kevinshah/Desktop/project/airflow/dags/medallion_etl.py[0m
/Users/kevinshah/Desktop/project/venv/lib/python3.12/site-packages/pandera/_pandas_deprecated.py:143 FutureWarning: Importing pandas-specific classes and functions from the
top-level pandera module will be **removed in a future version of pandera**.
If you're using pandera to validate pandas objects, we highly recommend updating
your import:

```
# old import
import pandera as pa

# new import
import pandera.pandas as pa
```

If you're using pandera to validate objects from other compatible libraries
like pyspark or polars, see the supported libraries section of the documentation
for more information on how to import pandera:

https://pandera.readthedocs.io/en/stable/supported_libraries.html

To disable this warning, set the environment variable:

```
export DISABLE_PANDERA_IMPORT_WARNING=True
```

[[34m2026-05-28T21:43:27.122+0530[0m] {[34mtask_command.py:[0m426} INFO[0m - Running <TaskInstance: medallion_etl_pipeline.bronze_olist_order_payments manual__2026-05-28T16:13:19+00:00 [queued]> on host macbook-air-77.local[0m
[[34m2026-05-28T21:43:27.676+0530[0m] {[34msequential_executor.py:[0m74} INFO[0m - Executing command: ['airflow', 'tasks', 'run', 'medallion_etl_pipeline', 'api_ingestion', 'manual__2026-05-28T16:13:19+00:00', '--local', '--subdir', 'DAGS_FOLDER/medallion_etl.py'][0m
[[34m2026-05-28T21:43:28.292+0530[0m] {[34mdagbag.py:[0m545} INFO[0m - Filling up the DagBag from /Users/kevinshah/Desktop/project/airflow/dags/medallion_etl.py[0m
/Users/kevinshah/Desktop/project/venv/lib/python3.12/site-packages/pandera/_pandas_deprecated.py:143 FutureWarning: Importing pandas-specific classes and functions from the
top-level pandera module will be **removed in a future version of pandera**.
If you're using pandera to validate pandas objects, we highly recommend updating
your import:

```
# old import
import pandera as pa

# new import
import pandera.pandas as pa
```

If you're using pandera to validate objects from other compatible libraries
like pyspark or polars, see the supported libraries section of the documentation
for more information on how to import pandera:

https://pandera.readthedocs.io/en/stable/supported_libraries.html

To disable this warning, set the environment variable:

```
export DISABLE_PANDERA_IMPORT_WARNING=True
```

[[34m2026-05-28T21:43:28.877+0530[0m] {[34mtask_command.py:[0m426} INFO[0m - Running <TaskInstance: medallion_etl_pipeline.api_ingestion manual__2026-05-28T16:13:19+00:00 [queued]> on host macbook-air-77.local[0m
[[34m2026-05-28T21:43:30.818+0530[0m] {[34mscheduler_job_runner.py:[0m689} INFO[0m - Received executor event with state success for task instance TaskInstanceKey(dag_id='medallion_etl_pipeline', task_id='bronze_olist_customers', run_id='manual__2026-05-28T16:13:19+00:00', try_number=1, map_index=-1)[0m
[[34m2026-05-28T21:43:30.819+0530[0m] {[34mscheduler_job_runner.py:[0m689} INFO[0m - Received executor event with state success for task instance TaskInstanceKey(dag_id='medallion_etl_pipeline', task_id='bronze_olist_orders', run_id='manual__2026-05-28T16:13:19+00:00', try_number=1, map_index=-1)[0m
[[34m2026-05-28T21:43:30.819+0530[0m] {[34mscheduler_job_runner.py:[0m689} INFO[0m - Received executor event with state success for task instance TaskInstanceKey(dag_id='medallion_etl_pipeline', task_id='bronze_olist_order_payments', run_id='manual__2026-05-28T16:13:19+00:00', try_number=1, map_index=-1)[0m
[[34m2026-05-28T21:43:30.819+0530[0m] {[34mscheduler_job_runner.py:[0m689} INFO[0m - Received executor event with state success for task instance TaskInstanceKey(dag_id='medallion_etl_pipeline', task_id='api_ingestion', run_id='manual__2026-05-28T16:13:19+00:00', try_number=1, map_index=-1)[0m
[[34m2026-05-28T21:43:30.826+0530[0m] {[34mscheduler_job_runner.py:[0m721} INFO[0m - TaskInstance Finished: dag_id=medallion_etl_pipeline, task_id=api_ingestion, run_id=manual__2026-05-28T16:13:19+00:00, map_index=-1, run_start_date=2026-05-28 16:13:28.924697+00:00, run_end_date=2026-05-28 16:13:30.539120+00:00, run_duration=1.614423, state=success, executor_state=success, try_number=1, max_tries=3, job_id=13, pool=default_pool, queue=default, priority_weight=2, operator=PythonOperator, queued_dttm=2026-05-28 16:13:21.678254+00:00, queued_by_job_id=2, pid=28891[0m
[[34m2026-05-28T21:43:30.826+0530[0m] {[34mscheduler_job_runner.py:[0m721} INFO[0m - TaskInstance Finished: dag_id=medallion_etl_pipeline, task_id=bronze_olist_customers, run_id=manual__2026-05-28T16:13:19+00:00, map_index=-1, run_start_date=2026-05-28 16:13:23.142482+00:00, run_end_date=2026-05-28 16:13:23.458263+00:00, run_duration=0.315781, state=success, executor_state=success, try_number=1, max_tries=0, job_id=10, pool=default_pool, queue=default, priority_weight=4, operator=PythonOperator, queued_dttm=2026-05-28 16:13:21.678254+00:00, queued_by_job_id=2, pid=28878[0m
[[34m2026-05-28T21:43:30.826+0530[0m] {[34mscheduler_job_runner.py:[0m721} INFO[0m - TaskInstance Finished: dag_id=medallion_etl_pipeline, task_id=bronze_olist_order_payments, run_id=manual__2026-05-28T16:13:19+00:00, map_index=-1, run_start_date=2026-05-28 16:13:27.166821+00:00, run_end_date=2026-05-28 16:13:27.399593+00:00, run_duration=0.232772, state=success, executor_state=success, try_number=1, max_tries=0, job_id=12, pool=default_pool, queue=default, priority_weight=4, operator=PythonOperator, queued_dttm=2026-05-28 16:13:21.678254+00:00, queued_by_job_id=2, pid=28885[0m
[[34m2026-05-28T21:43:30.827+0530[0m] {[34mscheduler_job_runner.py:[0m721} INFO[0m - TaskInstance Finished: dag_id=medallion_etl_pipeline, task_id=bronze_olist_orders, run_id=manual__2026-05-28T16:13:19+00:00, map_index=-1, run_start_date=2026-05-28 16:13:25.176356+00:00, run_end_date=2026-05-28 16:13:25.665640+00:00, run_duration=0.489284, state=success, executor_state=success, try_number=1, max_tries=0, job_id=11, pool=default_pool, queue=default, priority_weight=4, operator=PythonOperator, queued_dttm=2026-05-28 16:13:21.678254+00:00, queued_by_job_id=2, pid=28881[0m
[[34m2026-05-28T21:43:30.845+0530[0m] {[34mscheduler_job_runner.py:[0m1595} INFO[0m - Adopting or resetting orphaned tasks for active dag runs[0m
[[34m2026-05-28T21:43:30.872+0530[0m] {[34mscheduler_job_runner.py:[0m417} INFO[0m - 3 tasks up for execution:
	<TaskInstance: medallion_etl_pipeline.silver_olist_customers manual__2026-05-28T16:13:19+00:00 [scheduled]>
	<TaskInstance: medallion_etl_pipeline.silver_olist_orders manual__2026-05-28T16:13:19+00:00 [scheduled]>
	<TaskInstance: medallion_etl_pipeline.silver_olist_order_payments manual__2026-05-28T16:13:19+00:00 [scheduled]>[0m
[[34m2026-05-28T21:43:30.872+0530[0m] {[34mscheduler_job_runner.py:[0m480} INFO[0m - DAG medallion_etl_pipeline has 0/16 running and queued tasks[0m
[[34m2026-05-28T21:43:30.872+0530[0m] {[34mscheduler_job_runner.py:[0m480} INFO[0m - DAG medallion_etl_pipeline has 1/16 running and queued tasks[0m
[[34m2026-05-28T21:43:30.872+0530[0m] {[34mscheduler_job_runner.py:[0m480} INFO[0m - DAG medallion_etl_pipeline has 2/16 running and queued tasks[0m
[[34m2026-05-28T21:43:30.872+0530[0m] {[34mscheduler_job_runner.py:[0m596} INFO[0m - Setting the following tasks to queued state:
	<TaskInstance: medallion_etl_pipeline.silver_olist_customers manual__2026-05-28T16:13:19+00:00 [scheduled]>
	<TaskInstance: medallion_etl_pipeline.silver_olist_orders manual__2026-05-28T16:13:19+00:00 [scheduled]>
	<TaskInstance: medallion_etl_pipeline.silver_olist_order_payments manual__2026-05-28T16:13:19+00:00 [scheduled]>[0m
[[34m2026-05-28T21:43:30.873+0530[0m] {[34mscheduler_job_runner.py:[0m639} INFO[0m - Sending TaskInstanceKey(dag_id='medallion_etl_pipeline', task_id='silver_olist_customers', run_id='manual__2026-05-28T16:13:19+00:00', try_number=1, map_index=-1) to executor with priority 3 and queue default[0m
[[34m2026-05-28T21:43:30.873+0530[0m] {[34mbase_executor.py:[0m149} INFO[0m - Adding to queue: ['airflow', 'tasks', 'run', 'medallion_etl_pipeline', 'silver_olist_customers', 'manual__2026-05-28T16:13:19+00:00', '--local', '--subdir', 'DAGS_FOLDER/medallion_etl.py'][0m
[[34m2026-05-28T21:43:30.873+0530[0m] {[34mscheduler_job_runner.py:[0m639} INFO[0m - Sending TaskInstanceKey(dag_id='medallion_etl_pipeline', task_id='silver_olist_orders', run_id='manual__2026-05-28T16:13:19+00:00', try_number=1, map_index=-1) to executor with priority 3 and queue default[0m
[[34m2026-05-28T21:43:30.873+0530[0m] {[34mbase_executor.py:[0m149} INFO[0m - Adding to queue: ['airflow', 'tasks', 'run', 'medallion_etl_pipeline', 'silver_olist_orders', 'manual__2026-05-28T16:13:19+00:00', '--local', '--subdir', 'DAGS_FOLDER/medallion_etl.py'][0m
[[34m2026-05-28T21:43:30.873+0530[0m] {[34mscheduler_job_runner.py:[0m639} INFO[0m - Sending TaskInstanceKey(dag_id='medallion_etl_pipeline', task_id='silver_olist_order_payments', run_id='manual__2026-05-28T16:13:19+00:00', try_number=1, map_index=-1) to executor with priority 3 and queue default[0m
[[34m2026-05-28T21:43:30.873+0530[0m] {[34mbase_executor.py:[0m149} INFO[0m - Adding to queue: ['airflow', 'tasks', 'run', 'medallion_etl_pipeline', 'silver_olist_order_payments', 'manual__2026-05-28T16:13:19+00:00', '--local', '--subdir', 'DAGS_FOLDER/medallion_etl.py'][0m
[[34m2026-05-28T21:43:30.874+0530[0m] {[34msequential_executor.py:[0m74} INFO[0m - Executing command: ['airflow', 'tasks', 'run', 'medallion_etl_pipeline', 'silver_olist_customers', 'manual__2026-05-28T16:13:19+00:00', '--local', '--subdir', 'DAGS_FOLDER/medallion_etl.py'][0m
[[34m2026-05-28T21:43:31.550+0530[0m] {[34mdagbag.py:[0m545} INFO[0m - Filling up the DagBag from /Users/kevinshah/Desktop/project/airflow/dags/medallion_etl.py[0m
/Users/kevinshah/Desktop/project/venv/lib/python3.12/site-packages/pandera/_pandas_deprecated.py:143 FutureWarning: Importing pandas-specific classes and functions from the
top-level pandera module will be **removed in a future version of pandera**.
If you're using pandera to validate pandas objects, we highly recommend updating
your import:

```
# old import
import pandera as pa

# new import
import pandera.pandas as pa
```

If you're using pandera to validate objects from other compatible libraries
like pyspark or polars, see the supported libraries section of the documentation
for more information on how to import pandera:

https://pandera.readthedocs.io/en/stable/supported_libraries.html

To disable this warning, set the environment variable:

```
export DISABLE_PANDERA_IMPORT_WARNING=True
```

[[34m2026-05-28T21:43:32.137+0530[0m] {[34mtask_command.py:[0m426} INFO[0m - Running <TaskInstance: medallion_etl_pipeline.silver_olist_customers manual__2026-05-28T16:13:19+00:00 [queued]> on host macbook-air-77.local[0m
[[34m2026-05-28T21:43:32.943+0530[0m] {[34msequential_executor.py:[0m74} INFO[0m - Executing command: ['airflow', 'tasks', 'run', 'medallion_etl_pipeline', 'silver_olist_orders', 'manual__2026-05-28T16:13:19+00:00', '--local', '--subdir', 'DAGS_FOLDER/medallion_etl.py'][0m
[[34m2026-05-28T21:43:33.584+0530[0m] {[34mdagbag.py:[0m545} INFO[0m - Filling up the DagBag from /Users/kevinshah/Desktop/project/airflow/dags/medallion_etl.py[0m
/Users/kevinshah/Desktop/project/venv/lib/python3.12/site-packages/pandera/_pandas_deprecated.py:143 FutureWarning: Importing pandas-specific classes and functions from the
top-level pandera module will be **removed in a future version of pandera**.
If you're using pandera to validate pandas objects, we highly recommend updating
your import:

```
# old import
import pandera as pa

# new import
import pandera.pandas as pa
```

If you're using pandera to validate objects from other compatible libraries
like pyspark or polars, see the supported libraries section of the documentation
for more information on how to import pandera:

https://pandera.readthedocs.io/en/stable/supported_libraries.html

To disable this warning, set the environment variable:

```
export DISABLE_PANDERA_IMPORT_WARNING=True
```

[[34m2026-05-28T21:43:34.164+0530[0m] {[34mtask_command.py:[0m426} INFO[0m - Running <TaskInstance: medallion_etl_pipeline.silver_olist_orders manual__2026-05-28T16:13:19+00:00 [queued]> on host macbook-air-77.local[0m
[[34m2026-05-28T21:43:35.205+0530[0m] {[34msequential_executor.py:[0m74} INFO[0m - Executing command: ['airflow', 'tasks', 'run', 'medallion_etl_pipeline', 'silver_olist_order_payments', 'manual__2026-05-28T16:13:19+00:00', '--local', '--subdir', 'DAGS_FOLDER/medallion_etl.py'][0m
[[34m2026-05-28T21:43:35.840+0530[0m] {[34mdagbag.py:[0m545} INFO[0m - Filling up the DagBag from /Users/kevinshah/Desktop/project/airflow/dags/medallion_etl.py[0m
/Users/kevinshah/Desktop/project/venv/lib/python3.12/site-packages/pandera/_pandas_deprecated.py:143 FutureWarning: Importing pandas-specific classes and functions from the
top-level pandera module will be **removed in a future version of pandera**.
If you're using pandera to validate pandas objects, we highly recommend updating
your import:

```
# old import
import pandera as pa

# new import
import pandera.pandas as pa
```

If you're using pandera to validate objects from other compatible libraries
like pyspark or polars, see the supported libraries section of the documentation
for more information on how to import pandera:

https://pandera.readthedocs.io/en/stable/supported_libraries.html

To disable this warning, set the environment variable:

```
export DISABLE_PANDERA_IMPORT_WARNING=True
```

[[34m2026-05-28T21:43:36.437+0530[0m] {[34mtask_command.py:[0m426} INFO[0m - Running <TaskInstance: medallion_etl_pipeline.silver_olist_order_payments manual__2026-05-28T16:13:19+00:00 [queued]> on host macbook-air-77.local[0m
[[34m2026-05-28T21:43:37.066+0530[0m] {[34mscheduler_job_runner.py:[0m689} INFO[0m - Received executor event with state success for task instance TaskInstanceKey(dag_id='medallion_etl_pipeline', task_id='silver_olist_customers', run_id='manual__2026-05-28T16:13:19+00:00', try_number=1, map_index=-1)[0m
[[34m2026-05-28T21:43:37.066+0530[0m] {[34mscheduler_job_runner.py:[0m689} INFO[0m - Received executor event with state success for task instance TaskInstanceKey(dag_id='medallion_etl_pipeline', task_id='silver_olist_orders', run_id='manual__2026-05-28T16:13:19+00:00', try_number=1, map_index=-1)[0m
[[34m2026-05-28T21:43:37.066+0530[0m] {[34mscheduler_job_runner.py:[0m689} INFO[0m - Received executor event with state success for task instance TaskInstanceKey(dag_id='medallion_etl_pipeline', task_id='silver_olist_order_payments', run_id='manual__2026-05-28T16:13:19+00:00', try_number=1, map_index=-1)[0m
[[34m2026-05-28T21:43:37.071+0530[0m] {[34mscheduler_job_runner.py:[0m721} INFO[0m - TaskInstance Finished: dag_id=medallion_etl_pipeline, task_id=silver_olist_customers, run_id=manual__2026-05-28T16:13:19+00:00, map_index=-1, run_start_date=2026-05-28 16:13:32.194164+00:00, run_end_date=2026-05-28 16:13:32.633495+00:00, run_duration=0.439331, state=success, executor_state=success, try_number=1, max_tries=1, job_id=14, pool=default_pool, queue=default, priority_weight=3, operator=PythonOperator, queued_dttm=2026-05-28 16:13:30.872706+00:00, queued_by_job_id=2, pid=28897[0m
[[34m2026-05-28T21:43:37.072+0530[0m] {[34mscheduler_job_runner.py:[0m721} INFO[0m - TaskInstance Finished: dag_id=medallion_etl_pipeline, task_id=silver_olist_order_payments, run_id=manual__2026-05-28T16:13:19+00:00, map_index=-1, run_start_date=2026-05-28 16:13:36.489941+00:00, run_end_date=2026-05-28 16:13:36.768402+00:00, run_duration=0.278461, state=success, executor_state=success, try_number=1, max_tries=1, job_id=16, pool=default_pool, queue=default, priority_weight=3, operator=PythonOperator, queued_dttm=2026-05-28 16:13:30.872706+00:00, queued_by_job_id=2, pid=28911[0m
[[34m2026-05-28T21:43:37.072+0530[0m] {[34mscheduler_job_runner.py:[0m721} INFO[0m - TaskInstance Finished: dag_id=medallion_etl_pipeline, task_id=silver_olist_orders, run_id=manual__2026-05-28T16:13:19+00:00, map_index=-1, run_start_date=2026-05-28 16:13:34.213548+00:00, run_end_date=2026-05-28 16:13:34.921163+00:00, run_duration=0.707615, state=success, executor_state=success, try_number=1, max_tries=1, job_id=15, pool=default_pool, queue=default, priority_weight=3, operator=PythonOperator, queued_dttm=2026-05-28 16:13:30.872706+00:00, queued_by_job_id=2, pid=28907[0m
[[34m2026-05-28T21:43:38.523+0530[0m] {[34mscheduler_job_runner.py:[0m417} INFO[0m - 3 tasks up for execution:
	<TaskInstance: medallion_etl_pipeline.gold_olist_customers manual__2026-05-28T16:13:19+00:00 [scheduled]>
	<TaskInstance: medallion_etl_pipeline.gold_olist_orders manual__2026-05-28T16:13:19+00:00 [scheduled]>
	<TaskInstance: medallion_etl_pipeline.gold_olist_order_payments manual__2026-05-28T16:13:19+00:00 [scheduled]>[0m
[[34m2026-05-28T21:43:38.523+0530[0m] {[34mscheduler_job_runner.py:[0m480} INFO[0m - DAG medallion_etl_pipeline has 0/16 running and queued tasks[0m
[[34m2026-05-28T21:43:38.523+0530[0m] {[34mscheduler_job_runner.py:[0m480} INFO[0m - DAG medallion_etl_pipeline has 1/16 running and queued tasks[0m
[[34m2026-05-28T21:43:38.523+0530[0m] {[34mscheduler_job_runner.py:[0m480} INFO[0m - DAG medallion_etl_pipeline has 2/16 running and queued tasks[0m
[[34m2026-05-28T21:43:38.523+0530[0m] {[34mscheduler_job_runner.py:[0m596} INFO[0m - Setting the following tasks to queued state:
	<TaskInstance: medallion_etl_pipeline.gold_olist_customers manual__2026-05-28T16:13:19+00:00 [scheduled]>
	<TaskInstance: medallion_etl_pipeline.gold_olist_orders manual__2026-05-28T16:13:19+00:00 [scheduled]>
	<TaskInstance: medallion_etl_pipeline.gold_olist_order_payments manual__2026-05-28T16:13:19+00:00 [scheduled]>[0m
[[34m2026-05-28T21:43:38.524+0530[0m] {[34mscheduler_job_runner.py:[0m639} INFO[0m - Sending TaskInstanceKey(dag_id='medallion_etl_pipeline', task_id='gold_olist_customers', run_id='manual__2026-05-28T16:13:19+00:00', try_number=1, map_index=-1) to executor with priority 2 and queue default[0m
[[34m2026-05-28T21:43:38.524+0530[0m] {[34mbase_executor.py:[0m149} INFO[0m - Adding to queue: ['airflow', 'tasks', 'run', 'medallion_etl_pipeline', 'gold_olist_customers', 'manual__2026-05-28T16:13:19+00:00', '--local', '--subdir', 'DAGS_FOLDER/medallion_etl.py'][0m
[[34m2026-05-28T21:43:38.524+0530[0m] {[34mscheduler_job_runner.py:[0m639} INFO[0m - Sending TaskInstanceKey(dag_id='medallion_etl_pipeline', task_id='gold_olist_orders', run_id='manual__2026-05-28T16:13:19+00:00', try_number=1, map_index=-1) to executor with priority 2 and queue default[0m
[[34m2026-05-28T21:43:38.524+0530[0m] {[34mbase_executor.py:[0m149} INFO[0m - Adding to queue: ['airflow', 'tasks', 'run', 'medallion_etl_pipeline', 'gold_olist_orders', 'manual__2026-05-28T16:13:19+00:00', '--local', '--subdir', 'DAGS_FOLDER/medallion_etl.py'][0m
[[34m2026-05-28T21:43:38.524+0530[0m] {[34mscheduler_job_runner.py:[0m639} INFO[0m - Sending TaskInstanceKey(dag_id='medallion_etl_pipeline', task_id='gold_olist_order_payments', run_id='manual__2026-05-28T16:13:19+00:00', try_number=1, map_index=-1) to executor with priority 2 and queue default[0m
[[34m2026-05-28T21:43:38.524+0530[0m] {[34mbase_executor.py:[0m149} INFO[0m - Adding to queue: ['airflow', 'tasks', 'run', 'medallion_etl_pipeline', 'gold_olist_order_payments', 'manual__2026-05-28T16:13:19+00:00', '--local', '--subdir', 'DAGS_FOLDER/medallion_etl.py'][0m
[[34m2026-05-28T21:43:38.525+0530[0m] {[34msequential_executor.py:[0m74} INFO[0m - Executing command: ['airflow', 'tasks', 'run', 'medallion_etl_pipeline', 'gold_olist_customers', 'manual__2026-05-28T16:13:19+00:00', '--local', '--subdir', 'DAGS_FOLDER/medallion_etl.py'][0m
[[34m2026-05-28T21:43:39.185+0530[0m] {[34mdagbag.py:[0m545} INFO[0m - Filling up the DagBag from /Users/kevinshah/Desktop/project/airflow/dags/medallion_etl.py[0m
/Users/kevinshah/Desktop/project/venv/lib/python3.12/site-packages/pandera/_pandas_deprecated.py:143 FutureWarning: Importing pandas-specific classes and functions from the
top-level pandera module will be **removed in a future version of pandera**.
If you're using pandera to validate pandas objects, we highly recommend updating
your import:

```
# old import
import pandera as pa

# new import
import pandera.pandas as pa
```

If you're using pandera to validate objects from other compatible libraries
like pyspark or polars, see the supported libraries section of the documentation
for more information on how to import pandera:

https://pandera.readthedocs.io/en/stable/supported_libraries.html

To disable this warning, set the environment variable:

```
export DISABLE_PANDERA_IMPORT_WARNING=True
```

[[34m2026-05-28T21:43:39.791+0530[0m] {[34mtask_command.py:[0m426} INFO[0m - Running <TaskInstance: medallion_etl_pipeline.gold_olist_customers manual__2026-05-28T16:13:19+00:00 [queued]> on host macbook-air-77.local[0m
[[34m2026-05-28T21:43:42.979+0530[0m] {[34msequential_executor.py:[0m74} INFO[0m - Executing command: ['airflow', 'tasks', 'run', 'medallion_etl_pipeline', 'gold_olist_orders', 'manual__2026-05-28T16:13:19+00:00', '--local', '--subdir', 'DAGS_FOLDER/medallion_etl.py'][0m
[[34m2026-05-28T21:43:43.658+0530[0m] {[34mdagbag.py:[0m545} INFO[0m - Filling up the DagBag from /Users/kevinshah/Desktop/project/airflow/dags/medallion_etl.py[0m
/Users/kevinshah/Desktop/project/venv/lib/python3.12/site-packages/pandera/_pandas_deprecated.py:143 FutureWarning: Importing pandas-specific classes and functions from the
top-level pandera module will be **removed in a future version of pandera**.
If you're using pandera to validate pandas objects, we highly recommend updating
your import:

```
# old import
import pandera as pa

# new import
import pandera.pandas as pa
```

If you're using pandera to validate objects from other compatible libraries
like pyspark or polars, see the supported libraries section of the documentation
for more information on how to import pandera:

https://pandera.readthedocs.io/en/stable/supported_libraries.html

To disable this warning, set the environment variable:

```
export DISABLE_PANDERA_IMPORT_WARNING=True
```

[[34m2026-05-28T21:43:44.266+0530[0m] {[34mtask_command.py:[0m426} INFO[0m - Running <TaskInstance: medallion_etl_pipeline.gold_olist_orders manual__2026-05-28T16:13:19+00:00 [queued]> on host macbook-air-77.local[0m
[[34m2026-05-28T21:43:50.030+0530[0m] {[34msequential_executor.py:[0m74} INFO[0m - Executing command: ['airflow', 'tasks', 'run', 'medallion_etl_pipeline', 'gold_olist_order_payments', 'manual__2026-05-28T16:13:19+00:00', '--local', '--subdir', 'DAGS_FOLDER/medallion_etl.py'][0m
[[34m2026-05-28T21:43:50.648+0530[0m] {[34mdagbag.py:[0m545} INFO[0m - Filling up the DagBag from /Users/kevinshah/Desktop/project/airflow/dags/medallion_etl.py[0m
/Users/kevinshah/Desktop/project/venv/lib/python3.12/site-packages/pandera/_pandas_deprecated.py:143 FutureWarning: Importing pandas-specific classes and functions from the
top-level pandera module will be **removed in a future version of pandera**.
If you're using pandera to validate pandas objects, we highly recommend updating
your import:

```
# old import
import pandera as pa

# new import
import pandera.pandas as pa
```

If you're using pandera to validate objects from other compatible libraries
like pyspark or polars, see the supported libraries section of the documentation
for more information on how to import pandera:

https://pandera.readthedocs.io/en/stable/supported_libraries.html

To disable this warning, set the environment variable:

```
export DISABLE_PANDERA_IMPORT_WARNING=True
```

[[34m2026-05-28T21:43:51.216+0530[0m] {[34mtask_command.py:[0m426} INFO[0m - Running <TaskInstance: medallion_etl_pipeline.gold_olist_order_payments manual__2026-05-28T16:13:19+00:00 [queued]> on host macbook-air-77.local[0m
[[34m2026-05-28T21:43:54.352+0530[0m] {[34mscheduler_job_runner.py:[0m689} INFO[0m - Received executor event with state success for task instance TaskInstanceKey(dag_id='medallion_etl_pipeline', task_id='gold_olist_customers', run_id='manual__2026-05-28T16:13:19+00:00', try_number=1, map_index=-1)[0m
[[34m2026-05-28T21:43:54.353+0530[0m] {[34mscheduler_job_runner.py:[0m689} INFO[0m - Received executor event with state success for task instance TaskInstanceKey(dag_id='medallion_etl_pipeline', task_id='gold_olist_orders', run_id='manual__2026-05-28T16:13:19+00:00', try_number=1, map_index=-1)[0m
[[34m2026-05-28T21:43:54.353+0530[0m] {[34mscheduler_job_runner.py:[0m689} INFO[0m - Received executor event with state success for task instance TaskInstanceKey(dag_id='medallion_etl_pipeline', task_id='gold_olist_order_payments', run_id='manual__2026-05-28T16:13:19+00:00', try_number=1, map_index=-1)[0m
[[34m2026-05-28T21:43:54.358+0530[0m] {[34mscheduler_job_runner.py:[0m721} INFO[0m - TaskInstance Finished: dag_id=medallion_etl_pipeline, task_id=gold_olist_customers, run_id=manual__2026-05-28T16:13:19+00:00, map_index=-1, run_start_date=2026-05-28 16:13:39.841152+00:00, run_end_date=2026-05-28 16:13:42.663872+00:00, run_duration=2.82272, state=success, executor_state=success, try_number=1, max_tries=1, job_id=17, pool=default_pool, queue=default, priority_weight=2, operator=PythonOperator, queued_dttm=2026-05-28 16:13:38.523597+00:00, queued_by_job_id=2, pid=28921[0m
[[34m2026-05-28T21:43:54.359+0530[0m] {[34mscheduler_job_runner.py:[0m721} INFO[0m - TaskInstance Finished: dag_id=medallion_etl_pipeline, task_id=gold_olist_order_payments, run_id=manual__2026-05-28T16:13:19+00:00, map_index=-1, run_start_date=2026-05-28 16:13:51.265878+00:00, run_end_date=2026-05-28 16:13:54.051228+00:00, run_duration=2.78535, state=success, executor_state=success, try_number=1, max_tries=1, job_id=19, pool=default_pool, queue=default, priority_weight=2, operator=PythonOperator, queued_dttm=2026-05-28 16:13:38.523597+00:00, queued_by_job_id=2, pid=28938[0m
[[34m2026-05-28T21:43:54.359+0530[0m] {[34mscheduler_job_runner.py:[0m721} INFO[0m - TaskInstance Finished: dag_id=medallion_etl_pipeline, task_id=gold_olist_orders, run_id=manual__2026-05-28T16:13:19+00:00, map_index=-1, run_start_date=2026-05-28 16:13:44.323739+00:00, run_end_date=2026-05-28 16:13:49.738934+00:00, run_duration=5.415195, state=success, executor_state=success, try_number=1, max_tries=1, job_id=18, pool=default_pool, queue=default, priority_weight=2, operator=PythonOperator, queued_dttm=2026-05-28 16:13:38.523597+00:00, queued_by_job_id=2, pid=28931[0m
[[34m2026-05-28T21:43:55.420+0530[0m] {[34mdagrun.py:[0m851} INFO[0m - Marking run <DagRun medallion_etl_pipeline @ 2026-05-28 16:13:19+00:00: manual__2026-05-28T16:13:19+00:00, state:running, queued_at: 2026-05-28 16:13:19.459695+00:00. externally triggered: True> successful[0m
[[34m2026-05-28T21:43:55.421+0530[0m] {[34mdagrun.py:[0m902} INFO[0m - DagRun Finished: dag_id=medallion_etl_pipeline, execution_date=2026-05-28 16:13:19+00:00, run_id=manual__2026-05-28T16:13:19+00:00, run_start_date=2026-05-28 16:13:20.748542+00:00, run_end_date=2026-05-28 16:13:55.421063+00:00, run_duration=34.672521, state=success, external_trigger=True, run_type=manual, data_interval_start=2026-05-28 16:13:19+00:00, data_interval_end=2026-05-28 16:13:19+00:00, dag_hash=a6cc8db730383a8091db6b0a0372fc5f[0m
[[34m2026-05-28T21:48:30.878+0530[0m] {[34mscheduler_job_runner.py:[0m1595} INFO[0m - Adopting or resetting orphaned tasks for active dag runs[0m
[[34m2026-05-28T21:53:30.915+0530[0m] {[34mscheduler_job_runner.py:[0m1595} INFO[0m - Adopting or resetting orphaned tasks for active dag runs[0m
[[34m2026-05-28T21:58:30.957+0530[0m] {[34mscheduler_job_runner.py:[0m1595} INFO[0m - Adopting or resetting orphaned tasks for active dag runs[0m
[2026-05-28T21:59:02.861+0530] {manager.py:524} INFO - DAG medallion_etl_pipeline is missing and will be deactivated.
[2026-05-28T21:59:02.872+0530] {manager.py:536} INFO - Deactivated 1 DAGs which are no longer present in file.
[2026-05-28T21:59:02.874+0530] {manager.py:540} INFO - Deleted DAG medallion_etl_pipeline in serialized_dag table
[[34m2026-05-28T22:03:30.995+0530[0m] {[34mscheduler_job_runner.py:[0m1595} INFO[0m - Adopting or resetting orphaned tasks for active dag runs[0m
