[2026-05-28T21:27:58.792+0530] {local_task_job_runner.py:120} INFO - ::group::Pre task execution logs
[2026-05-28T21:27:58.802+0530] {taskinstance.py:2076} INFO - Dependencies all met for dep_context=non-requeueable deps ti=<TaskInstance: medallion_etl_pipeline.csv_ingestion manual__2026-05-28T15:57:55+00:00 [queued]>
[2026-05-28T21:27:58.804+0530] {taskinstance.py:2076} INFO - Dependencies all met for dep_context=requeueable deps ti=<TaskInstance: medallion_etl_pipeline.csv_ingestion manual__2026-05-28T15:57:55+00:00 [queued]>
[2026-05-28T21:27:58.804+0530] {taskinstance.py:2306} INFO - Starting attempt 1 of 2
[2026-05-28T21:27:58.812+0530] {taskinstance.py:2330} INFO - Executing <Task(PythonOperator): csv_ingestion> on 2026-05-28 15:57:55+00:00
[2026-05-28T21:27:58.819+0530] {logging_mixin.py:188} WARNING - /Users/kevinshah/Desktop/project/venv/lib/python3.12/site-packages/airflow/task/task_runner/standard_task_runner.py:61 DeprecationWarning: This process (pid=27372) is multi-threaded, use of fork() may lead to deadlocks in the child.
[2026-05-28T21:27:58.820+0530] {standard_task_runner.py:63} INFO - Started process 27373 to run task
[2026-05-28T21:27:58.820+0530] {standard_task_runner.py:90} INFO - Running: ['airflow', 'tasks', 'run', 'medallion_etl_pipeline', 'csv_ingestion', 'manual__2026-05-28T15:57:55+00:00', '--job-id', '6', '--raw', '--subdir', 'DAGS_FOLDER/medallion_etl.py', '--cfg-path', '/var/folders/43/z8dt8zx17c11s8ktqc1mq2gm0000gp/T/tmpfoqajpk3']
[2026-05-28T21:27:58.825+0530] {standard_task_runner.py:91} INFO - Job 6: Subtask csv_ingestion
[2026-05-28T21:27:58.845+0530] {task_command.py:426} INFO - Running <TaskInstance: medallion_etl_pipeline.csv_ingestion manual__2026-05-28T15:57:55+00:00 [running]> on host macbook-air-77.local
[2026-05-28T21:27:58.868+0530] {taskinstance.py:2648} INFO - Exporting env vars: AIRFLOW_CTX_DAG_OWNER='Kevin Shah' AIRFLOW_CTX_DAG_ID='medallion_etl_pipeline' AIRFLOW_CTX_TASK_ID='csv_ingestion' AIRFLOW_CTX_EXECUTION_DATE='2026-05-28T15:57:55+00:00' AIRFLOW_CTX_TRY_NUMBER='1' AIRFLOW_CTX_DAG_RUN_ID='manual__2026-05-28T15:57:55+00:00'
[2026-05-28T21:27:58.869+0530] {taskinstance.py:430} INFO - ::endgroup::
[2026-05-28T21:27:58.878+0530] {csv_ingest.py:73} INFO - --- Starting CSV ingestion for olist_customers ---
[2026-05-28T21:27:58.982+0530] {csv_ingest.py:81} INFO - Successfully read data from source (99441 rows)
[2026-05-28T21:27:59.100+0530] {csv_ingest.py:84} INFO - Data successfully ingested in bronze layer at /Users/kevinshah/Desktop/project/data/bronze/csv_store/olist_customers_dataset.csv
[2026-05-28T21:27:59.304+0530] {csv_ingest.py:105} INFO - Data validation passed for olist_customers
[2026-05-28T21:27:59.377+0530] {parquet_store.py:15} INFO - Data successfully ingested in silver layer at /Users/kevinshah/Desktop/project/data/silver/csv_store/olist_customers_dataset.parquet
[2026-05-28T21:28:02.987+0530] {postgre_store.py:125} INFO - Data successfully upserted into database table: olist_customers
[2026-05-28T21:28:02.990+0530] {csv_ingest.py:73} INFO - --- Starting CSV ingestion for olist_orders ---
[2026-05-28T21:28:03.227+0530] {csv_ingest.py:81} INFO - Successfully read data from source (99441 rows)
[2026-05-28T21:28:03.452+0530] {csv_ingest.py:84} INFO - Data successfully ingested in bronze layer at /Users/kevinshah/Desktop/project/data/bronze/csv_store/olist_orders_dataset.csv
[2026-05-28T21:28:03.791+0530] {csv_ingest.py:105} INFO - Data validation passed for olist_orders
[2026-05-28T21:28:03.860+0530] {parquet_store.py:15} INFO - Data successfully ingested in silver layer at /Users/kevinshah/Desktop/project/data/silver/csv_store/olist_orders_dataset.parquet
[2026-05-28T21:28:08.708+0530] {postgre_store.py:125} INFO - Data successfully upserted into database table: olist_orders
[2026-05-28T21:28:08.710+0530] {csv_ingest.py:73} INFO - --- Starting CSV ingestion for olist_order_payments ---
[2026-05-28T21:28:08.797+0530] {csv_ingest.py:81} INFO - Successfully read data from source (103886 rows)
[2026-05-28T21:28:08.916+0530] {csv_ingest.py:84} INFO - Data successfully ingested in bronze layer at /Users/kevinshah/Desktop/project/data/bronze/csv_store/olist_order_payments_dataset.csv
[2026-05-28T21:28:09.031+0530] {csv_ingest.py:105} INFO - Data validation passed for olist_order_payments
[2026-05-28T21:28:09.053+0530] {parquet_store.py:15} INFO - Data successfully ingested in silver layer at /Users/kevinshah/Desktop/project/data/silver/csv_store/olist_order_payments_dataset.parquet
[2026-05-28T21:28:11.695+0530] {postgre_store.py:125} INFO - Data successfully upserted into database table: olist_order_payments
[2026-05-28T21:28:11.701+0530] {python.py:237} INFO - Done. Returned value was: None
[2026-05-28T21:28:11.702+0530] {taskinstance.py:441} INFO - ::group::Post task execution logs
[2026-05-28T21:28:11.710+0530] {taskinstance.py:1206} INFO - Marking task as SUCCESS. dag_id=medallion_etl_pipeline, task_id=csv_ingestion, run_id=manual__2026-05-28T15:57:55+00:00, execution_date=20260528T155755, start_date=20260528T155758, end_date=20260528T155811
[2026-05-28T21:28:11.758+0530] {local_task_job_runner.py:240} INFO - Task exited with return code 0
[2026-05-28T21:28:11.774+0530] {taskinstance.py:3498} INFO - 0 downstream tasks scheduled from follow-on schedule check
[2026-05-28T21:28:11.775+0530] {local_task_job_runner.py:222} INFO - ::endgroup::
