[2026-05-28T21:23:29.711+0530] {local_task_job_runner.py:120} INFO - ::group::Pre task execution logs
[2026-05-28T21:23:29.720+0530] {taskinstance.py:2076} INFO - Dependencies all met for dep_context=non-requeueable deps ti=<TaskInstance: medallion_etl_pipeline.csv_ingestion manual__2026-05-28T15:47:31+00:00 [queued]>
[2026-05-28T21:23:29.722+0530] {taskinstance.py:2076} INFO - Dependencies all met for dep_context=requeueable deps ti=<TaskInstance: medallion_etl_pipeline.csv_ingestion manual__2026-05-28T15:47:31+00:00 [queued]>
[2026-05-28T21:23:29.722+0530] {taskinstance.py:2306} INFO - Starting attempt 1 of 2
[2026-05-28T21:23:29.726+0530] {taskinstance.py:2330} INFO - Executing <Task(PythonOperator): csv_ingestion> on 2026-05-28 15:47:31+00:00
[2026-05-28T21:23:29.733+0530] {logging_mixin.py:188} WARNING - /Users/kevinshah/Desktop/project/venv/lib/python3.12/site-packages/airflow/task/task_runner/standard_task_runner.py:61 DeprecationWarning: This process (pid=26911) is multi-threaded, use of fork() may lead to deadlocks in the child.
[2026-05-28T21:23:29.734+0530] {standard_task_runner.py:63} INFO - Started process 26916 to run task
[2026-05-28T21:23:29.733+0530] {standard_task_runner.py:90} INFO - Running: ['airflow', 'tasks', 'run', 'medallion_etl_pipeline', 'csv_ingestion', 'manual__2026-05-28T15:47:31+00:00', '--job-id', '3', '--raw', '--subdir', 'DAGS_FOLDER/medallion_etl.py', '--cfg-path', '/var/folders/43/z8dt8zx17c11s8ktqc1mq2gm0000gp/T/tmpf17z1_e2']
[2026-05-28T21:23:29.734+0530] {standard_task_runner.py:91} INFO - Job 3: Subtask csv_ingestion
[2026-05-28T21:23:29.753+0530] {task_command.py:426} INFO - Running <TaskInstance: medallion_etl_pipeline.csv_ingestion manual__2026-05-28T15:47:31+00:00 [running]> on host macbook-air-77.local
[2026-05-28T21:23:29.774+0530] {taskinstance.py:2648} INFO - Exporting env vars: AIRFLOW_CTX_DAG_OWNER='Kevin Shah' AIRFLOW_CTX_DAG_ID='medallion_etl_pipeline' AIRFLOW_CTX_TASK_ID='csv_ingestion' AIRFLOW_CTX_EXECUTION_DATE='2026-05-28T15:47:31+00:00' AIRFLOW_CTX_TRY_NUMBER='1' AIRFLOW_CTX_DAG_RUN_ID='manual__2026-05-28T15:47:31+00:00'
[2026-05-28T21:23:29.775+0530] {taskinstance.py:430} INFO - ::endgroup::
[2026-05-28T21:23:29.783+0530] {csv_ingest.py:73} INFO - --- Starting CSV ingestion for olist_customers ---
[2026-05-28T21:23:30.021+0530] {csv_ingest.py:81} INFO - Successfully read data from source (99441 rows)
[2026-05-28T21:23:30.176+0530] {csv_ingest.py:84} INFO - Data successfully ingested in bronze layer at /Users/kevinshah/Desktop/project/data/bronze/csv_store/olist_customers_dataset.csv
[2026-05-28T21:23:30.250+0530] {csv_ingest.py:105} INFO - Data validation passed for olist_customers
[2026-05-28T21:23:30.293+0530] {parquet_store.py:15} INFO - Data successfully ingested in silver layer at /Users/kevinshah/Desktop/project/data/silver/csv_store/olist_customers_dataset.parquet
[2026-05-28T21:23:30.361+0530] {logging_mixin.py:188} WARNING - /Users/kevinshah/Desktop/project/storage/postgre_store.py:38 UserWarning: pandas only supports SQLAlchemy connectable (engine/connection) or database string URI or sqlite3 DBAPI2 connection. Other DBAPI2 objects are not tested. Please consider using SQLAlchemy.
[2026-05-28T21:23:30.362+0530] {taskinstance.py:441} INFO - ::group::Post task execution logs
[2026-05-28T21:23:30.362+0530] {taskinstance.py:2905} ERROR - Task failed with exception
Traceback (most recent call last):
  File "/Users/kevinshah/Desktop/project/venv/lib/python3.12/site-packages/airflow/models/taskinstance.py", line 465, in _execute_task
    result = _execute_callable(context=context, **execute_callable_kwargs)
             ^^^^^^^^^^^^^^^^^^^^^^^^^^^^^^^^^^^^^^^^^^^^^^^^^^^^^^^^^^^^^
  File "/Users/kevinshah/Desktop/project/venv/lib/python3.12/site-packages/airflow/models/taskinstance.py", line 432, in _execute_callable
    return execute_callable(context=context, **execute_callable_kwargs)
           ^^^^^^^^^^^^^^^^^^^^^^^^^^^^^^^^^^^^^^^^^^^^^^^^^^^^^^^^^^^^
  File "/Users/kevinshah/Desktop/project/venv/lib/python3.12/site-packages/airflow/models/baseoperator.py", line 400, in wrapper
    return func(self, *args, **kwargs)
           ^^^^^^^^^^^^^^^^^^^^^^^^^^^
  File "/Users/kevinshah/Desktop/project/venv/lib/python3.12/site-packages/airflow/operators/python.py", line 235, in execute
    return_value = self.execute_callable()
                   ^^^^^^^^^^^^^^^^^^^^^^^
  File "/Users/kevinshah/Desktop/project/venv/lib/python3.12/site-packages/airflow/operators/python.py", line 252, in execute_callable
    return self.python_callable(*self.op_args, **self.op_kwargs)
           ^^^^^^^^^^^^^^^^^^^^^^^^^^^^^^^^^^^^^^^^^^^^^^^^^^^^^
  File "/Users/kevinshah/Desktop/project/ingestion/csv_ingest.py", line 129, in main
    put_in_postgre(df_silver, table_name)
  File "/Users/kevinshah/Desktop/project/storage/postgre_store.py", line 38, in put_in_postgre
    df.to_sql(staging_table, engine, if_exists="replace", index=False)
  File "/Users/kevinshah/Desktop/project/venv/lib/python3.12/site-packages/pandas/core/generic.py", line 3052, in to_sql
    return sql.to_sql(
           ^^^^^^^^^^^
  File "/Users/kevinshah/Desktop/project/venv/lib/python3.12/site-packages/pandas/io/sql.py", line 841, in to_sql
    return pandas_sql.to_sql(
           ^^^^^^^^^^^^^^^^^^
  File "/Users/kevinshah/Desktop/project/venv/lib/python3.12/site-packages/pandas/io/sql.py", line 2879, in to_sql
    table.create()
  File "/Users/kevinshah/Desktop/project/venv/lib/python3.12/site-packages/pandas/io/sql.py", line 986, in create
    if self.exists():
       ^^^^^^^^^^^^^
  File "/Users/kevinshah/Desktop/project/venv/lib/python3.12/site-packages/pandas/io/sql.py", line 972, in exists
    return self.pd_sql.has_table(self.name, self.schema)
           ^^^^^^^^^^^^^^^^^^^^^^^^^^^^^^^^^^^^^^^^^^^^^
  File "/Users/kevinshah/Desktop/project/venv/lib/python3.12/site-packages/pandas/io/sql.py", line 2894, in has_table
    return len(self.execute(query, [name]).fetchall()) > 0
               ^^^^^^^^^^^^^^^^^^^^^^^^^^^
  File "/Users/kevinshah/Desktop/project/venv/lib/python3.12/site-packages/pandas/io/sql.py", line 2700, in execute
    cur = self.con.cursor()
          ^^^^^^^^^^^^^^^
AttributeError: 'Engine' object has no attribute 'cursor'
[2026-05-28T21:23:30.371+0530] {taskinstance.py:1206} INFO - Marking task as UP_FOR_RETRY. dag_id=medallion_etl_pipeline, task_id=csv_ingestion, run_id=manual__2026-05-28T15:47:31+00:00, execution_date=20260528T154731, start_date=20260528T155329, end_date=20260528T155330
[2026-05-28T21:23:30.375+0530] {standard_task_runner.py:110} ERROR - Failed to execute job 3 for task csv_ingestion ('Engine' object has no attribute 'cursor'; 26916)
[2026-05-28T21:23:30.403+0530] {local_task_job_runner.py:240} INFO - Task exited with return code 1
[2026-05-28T21:23:30.412+0530] {taskinstance.py:3498} INFO - 0 downstream tasks scheduled from follow-on schedule check
[2026-05-28T21:23:30.412+0530] {local_task_job_runner.py:222} INFO - ::endgroup::
