[2026-05-28T21:39:27.925+0530] {local_task_job_runner.py:120} INFO - ::group::Pre task execution logs
[2026-05-28T21:39:27.934+0530] {taskinstance.py:2076} INFO - Dependencies all met for dep_context=non-requeueable deps ti=<TaskInstance: medallion_etl_pipeline.api_ingestion manual__2026-05-28T16:09:09+00:00 [queued]>
[2026-05-28T21:39:27.937+0530] {taskinstance.py:2076} INFO - Dependencies all met for dep_context=requeueable deps ti=<TaskInstance: medallion_etl_pipeline.api_ingestion manual__2026-05-28T16:09:09+00:00 [queued]>
[2026-05-28T21:39:27.937+0530] {taskinstance.py:2306} INFO - Starting attempt 1 of 4
[2026-05-28T21:39:27.942+0530] {taskinstance.py:2330} INFO - Executing <Task(PythonOperator): api_ingestion> on 2026-05-28 16:09:09+00:00
[2026-05-28T21:39:27.948+0530] {logging_mixin.py:188} WARNING - /Users/kevinshah/Desktop/project/venv/lib/python3.12/site-packages/airflow/task/task_runner/standard_task_runner.py:61 DeprecationWarning: This process (pid=28534) is multi-threaded, use of fork() may lead to deadlocks in the child.
[2026-05-28T21:39:27.948+0530] {standard_task_runner.py:63} INFO - Started process 28539 to run task
[2026-05-28T21:39:27.949+0530] {standard_task_runner.py:90} INFO - Running: ['airflow', 'tasks', 'run', 'medallion_etl_pipeline', 'api_ingestion', 'manual__2026-05-28T16:09:09+00:00', '--job-id', '9', '--raw', '--subdir', 'DAGS_FOLDER/medallion_etl.py', '--cfg-path', '/var/folders/43/z8dt8zx17c11s8ktqc1mq2gm0000gp/T/tmp_qp3ae70']
[2026-05-28T21:39:27.950+0530] {standard_task_runner.py:91} INFO - Job 9: Subtask api_ingestion
[2026-05-28T21:39:27.965+0530] {task_command.py:426} INFO - Running <TaskInstance: medallion_etl_pipeline.api_ingestion manual__2026-05-28T16:09:09+00:00 [running]> on host macbook-air-77.local
[2026-05-28T21:39:27.992+0530] {taskinstance.py:2648} INFO - Exporting env vars: AIRFLOW_CTX_DAG_OWNER='Kevin Shah' AIRFLOW_CTX_DAG_ID='medallion_etl_pipeline' AIRFLOW_CTX_TASK_ID='api_ingestion' AIRFLOW_CTX_EXECUTION_DATE='2026-05-28T16:09:09+00:00' AIRFLOW_CTX_TRY_NUMBER='1' AIRFLOW_CTX_DAG_RUN_ID='manual__2026-05-28T16:09:09+00:00'
[2026-05-28T21:39:27.993+0530] {taskinstance.py:430} INFO - ::endgroup::
[2026-05-28T21:39:28.003+0530] {api_ingest.py:25} INFO - --- Starting API ingestion for Exchange Rates ---
[2026-05-28T21:39:30.871+0530] {api_ingest.py:37} INFO - Data successfully ingested in bronze layer at /Users/kevinshah/Desktop/project/data/bronze/api_store/inr_rates.json
[2026-05-28T21:39:30.889+0530] {parquet_store.py:29} INFO - Data successfully ingested in silver layer at /Users/kevinshah/Desktop/project/data/silver/api_store/inr_rates.parquet
[2026-05-28T21:39:30.892+0530] {python.py:237} INFO - Done. Returned value was: None
[2026-05-28T21:39:30.892+0530] {taskinstance.py:441} INFO - ::group::Post task execution logs
[2026-05-28T21:39:30.897+0530] {taskinstance.py:1206} INFO - Marking task as SUCCESS. dag_id=medallion_etl_pipeline, task_id=api_ingestion, run_id=manual__2026-05-28T16:09:09+00:00, execution_date=20260528T160909, start_date=20260528T160927, end_date=20260528T160930
[2026-05-28T21:39:30.911+0530] {local_task_job_runner.py:240} INFO - Task exited with return code 0
[2026-05-28T21:39:30.923+0530] {taskinstance.py:3498} INFO - 0 downstream tasks scheduled from follow-on schedule check
[2026-05-28T21:39:30.923+0530] {local_task_job_runner.py:222} INFO - ::endgroup::
